Archive member included to satisfy reference by file (symbol)

C:/devkitPro/wups/lib\libwups.a(WUPSConfigCategory.o)
                              main.o (_ZN18WUPSConfigCategoryD1Ev)
C:/devkitPro/wups/lib\libwups.a(WUPSConfigItem.o)
                              main.o (_ZN14WUPSConfigItemD2Ev)
C:/devkitPro/wups/lib\libwups.a(WUPSConfigItemStubCpp.o)
                              main.o (_ZN18WUPSConfigItemStub6CreateESt17basic_string_viewIcSt11char_traitsIcEE)
C:/devkitPro/wups/lib\libwups.a(button_combo.o)
                              main.o (WUPSButtonComboAPI_InitInternal)
C:/devkitPro/wups/lib\libwups.a(config_api.o)
                              C:/devkitPro/wups/lib\libwups.a(WUPSConfigItemStubCpp.o) (WUPSConfigAPI_GetStatusStr)
C:/devkitPro/wups/lib\libwups.a(main.o)
                              (__wups_start)
C:/devkitPro/wups/lib\libwups.a(storageCPP.o)
                              main.o (_ZN14WUPSStorageAPI11SaveStorageEb)
C:/devkitPro/wups/lib\libwups.a(wups_reent.o)
                              C:/devkitPro/wups/lib\libwups.a(main.o) (_Z15__wups_getreentv)
C:/devkitPro/wups/lib\libwups.a(wups_thread_specific.o)
                              C:/devkitPro/wups/lib\libwups.a(main.o) (wups_set_thread_specific)
C:/devkitPro/wups/lib\libwups.a(WUPSConfigItemStub.o)
                              C:/devkitPro/wups/lib\libwups.a(WUPSConfigItemStubCpp.o) (WUPSConfigItemStub_Create)
C:/devkitPro/wups/lib\libwups.a(storage.o)
                              C:/devkitPro/wups/lib\libwups.a(storageCPP.o) (WUPSStorageAPI_GetStatusStr)
C:/devkitPro/wut/lib\libwut.a(coreinit.o)
                              main.o (DCFlushRange)
C:/devkitPro/wut/lib\libwut.a(nn_ac.o)
                              main.o (GetAssignedAddress__Q2_2nn2acFPUl)
C:/devkitPro/wut/lib\libwut.a(nsysnet.o)
                              main.o (htons)
C:/devkitPro/wut/lib\libwut.a(padscore.o)
                              main.o (WPADiShutdown)
C:/devkitPro/wut/lib\libwut.a(wut_newlib.o)
                              main.o (__init_wut_newlib)
C:/devkitPro/wut/lib\libwut.a(wut_reent.o)
                              C:/devkitPro/wut/lib\libwut.a(wut_newlib.o) (__wut_getreent)
C:/devkitPro/wut/lib\libwut.a(wut_sbrk.o)
                              C:/devkitPro/wut/lib\libwut.a(wut_newlib.o) (__wut_sbrk_r)
C:/devkitPro/wut/lib\libwut.a(wut_malloc.o)
                              main.o (__init_wut_malloc)
C:/devkitPro/wut/lib\libwut.a(accept.o)
                              main.o (accept)
C:/devkitPro/wut/lib\libwut.a(bind.o)
                              main.o (bind)
C:/devkitPro/wut/lib\libwut.a(listen.o)
                              main.o (listen)
C:/devkitPro/wut/lib\libwut.a(recv.o)
                              main.o (recv)
C:/devkitPro/wut/lib\libwut.a(send.o)
                              main.o (send)
C:/devkitPro/wut/lib\libwut.a(setsockopt.o)
                              main.o (setsockopt)
C:/devkitPro/wut/lib\libwut.a(socket.o)
                              main.o (socket)
C:/devkitPro/wut/lib\libwut.a(wut_socket_common.o)
                              C:/devkitPro/wut/lib\libwut.a(accept.o) (__wut_get_nsysnet_fd)
C:/devkitPro/wut/lib\libwut.a(wut_socket_open.o)
                              C:/devkitPro/wut/lib\libwut.a(wut_socket_common.o) (__wut_socket_open)
C:/devkitPro/wut/lib\libwut.a(wut_socket_read.o)
                              C:/devkitPro/wut/lib\libwut.a(wut_socket_common.o) (__wut_socket_read)
C:/devkitPro/wut/lib\libwut.a(wut_socket_write.o)
                              C:/devkitPro/wut/lib\libwut.a(wut_socket_common.o) (__wut_socket_write)
C:/devkitPro/wut/lib\libwut.a(log.o)
                              main.o (WHBLogPrintf)
C:/devkitPro/wut/lib\libwut.a(log_cafe.o)
                              logger.o (WHBLogCafeInit)
C:/devkitPro/wut/lib\libwut.a(log_module.o)
                              logger.o (WHBLogModuleInit)
C:/devkitPro/wut/lib\libwut.a(log_udp.o)
                              logger.o (WHBLogUdpInit)
C:/devkitPro/wut/lib\libwut.a(wut_gthread.o)
                              main.o (__init_wut_stdcpp)
C:/devkitPro/wut/lib\libwut.a(wut_gthread_cond.o)
                              C:/devkitPro/wut/lib\libwut.a(wut_gthread.o) (_Z24__wut_cond_init_functionP11OSCondition)
C:/devkitPro/wut/lib\libwut.a(wut_gthread_keys.o)
                              C:/devkitPro/wut/lib\libwut.a(wut_gthread.o) (_Z16__wut_key_createP11__wut_key_tPFvPvE)
C:/devkitPro/wut/lib\libwut.a(wut_gthread_mutex.o)
                              C:/devkitPro/wut/lib\libwut.a(wut_gthread.o) (_Z25__wut_mutex_init_functionP7OSMutex)
C:/devkitPro/wut/lib\libwut.a(wut_gthread_once.o)
                              C:/devkitPro/wut/lib\libwut.a(wut_gthread.o) (_Z10__wut_oncePVjPFvvE)
C:/devkitPro/wut/lib\libwut.a(wut_gthread_recursive_mutex.o)
                              C:/devkitPro/wut/lib\libwut.a(wut_gthread.o) (_Z35__wut_recursive_mutex_init_functionP7OSMutex)
C:/devkitPro/wut/lib\libwut.a(wut_gthread_thread.o)
[...]
Memory Configuration

Name             Origin             Length             Attributes
codemem          0x02000000         0x0e000000         xrw
datamem          0x10000000         0x32000000         rw
loadmem          0xc0000000         0x08000000         xrw
*default*        0x00000000         0xffffffff

Linker script and memory map

                0x02000000                        . = ORIGIN (codemem)

.syscall
 *(.syscall .syscall.*)

.text           0x02000000    0x22ce8
 *(.crt0)
 *(SORT_NONE(.init))
 .init          0x02000000        0xc C:/devkitPro/devkitPPC/bin/../lib/gcc/powerpc-eabi/15.1.0/ecrti.o
                0x02000000                __init
 .init          0x0200000c        0x4 C:/devkitPro/devkitPPC/bin/../lib/gcc/powerpc-eabi/15.1.0/crtbegin.o
 .init          0x02000010        0x4 C:/devkitPro/devkitPPC/bin/../lib/gcc/powerpc-eabi/15.1.0/crtend.o
 .init          0x02000014       0x10 C:/devkitPro/devkitPPC/bin/../lib/gcc/powerpc-eabi/15.1.0/ecrtn.o
 *(.text.unlikely .text.*_unlikely .text.unlikely.*)
 .text.unlikely.abort
                0x02000024       0xb4 C:/devkitPro/wups/lib\libwups.a(main.o)
                                 0xa4 (size before relaxing)
                0x02000024                abort
 .text.unlikely._ZN9__gnu_cxx30__throw_concurrence_lock_errorEv
                0x020000d8       0x34 C:/devkitPro/devkitPPC/bin/../lib/gcc/powerpc-eabi/15.1.0/../../../../powerpc-eabi/lib\libstdc++.a(eh_alloc.o)
                0x020000d8                _ZN9__gnu_cxx30__throw_concurrence_lock_errorEv
 .text.unlikely._ZN9__gnu_cxx32__throw_concurrence_unlock_errorEv
                0x0200010c       0x34 C:/devkitPro/devkitPPC/bin/../lib/gcc/powerpc-eabi/15.1.0/../../../../powerpc-eabi/lib\libstdc++.a(eh_alloc.o)
                0x0200010c                _ZN9__gnu_cxx32__throw_concurrence_unlock_errorEv
 .text.unlikely._ZSt9terminatev
                0x02000140       0x24 C:/devkitPro/devkitPPC/bin/../lib/gcc/powerpc-eabi/15.1.0/../../../../powerpc-eabi/lib\libstdc++.a(eh_terminate.o)
                0x02000140                _ZSt9terminatev
 .text.unlikely._ZSt10unexpectedv
                0x02000164       0x24 C:/devkitPro/devkitPPC/bin/../lib/gcc/powerpc-eabi/15.1.0/../../../../powerpc-eabi/lib\libstdc++.a(eh_terminate.o)
                0x02000164                _ZSt10unexpectedv
 .text.unlikely._ZSt19__throw_logic_errorPKc
                0x02000188       0x58 C:/devkitPro/devkitPPC/bin/../lib/gcc/powerpc-eabi/15.1.0/../../../../powerpc-eabi/lib\libstdc++.a(functexcept.o)
                0x02000188                _ZSt19__throw_logic_errorPKc
 .text.unlikely._ZSt20__throw_length_errorPKc
                0x020001e0       0x58 C:/devkitPro/devkitPPC/bin/../lib/gcc/powerpc-eabi/15.1.0/../../../../powerpc-eabi/lib\libstdc++.a(functexcept.o)
                0x020001e0                _ZSt20__throw_length_errorPKc
 .text.unlikely._ZSt20__throw_out_of_rangePKc
                0x02000238       0x58 C:/devkitPro/devkitPPC/bin/../lib/gcc/powerpc-eabi/15.1.0/../../../../powerpc-eabi/lib\libstdc++.a(functexcept.o)
                0x02000238                _ZSt20__throw_out_of_rangePKc
 .text.unlikely._ZSt24__throw_out_of_range_fmtPKcz
                0x02000290       0x10 C:/devkitPro/devkitPPC/bin/../lib/gcc/powerpc-eabi/15.1.0/../../../../powerpc-eabi/lib\libstdc++.a(functexcept.o)
                0x02000290                _ZSt24__throw_out_of_range_fmtPKcz
 .text.unlikely._ZNSt7__cxx1112basic_stringIcSt11char_traitsIcESaIcEE15_M_replace_coldEPcjPKcjj
                0x020002a0      0x1e8 C:/devkitPro/devkitPPC/bin/../lib/gcc/powerpc-eabi/15.1.0/../../../../powerpc-eabi/lib\libstdc++.a(string-inst.o)
                0x020002a0                _ZNSt7__cxx1112basic_stringIcSt11char_traitsIcESaIcEE15_M_replace_coldEPcjPKcjj
 .text.unlikely.__cxa_call_terminate
                0x02000488       0x58 C:/devkitPro/devkitPPC/bin/../lib/gcc/powerpc-eabi/15.1.0/../../../../powerpc-eabi/lib\libstdc++.a(eh_call.o)
                0x02000488                __cxa_call_terminate
 *(.text.exit .text.exit.*)
 .text.exit._GLOBAL__sub_D_sDefaultValues
                0x020004e0        0xc C:/devkitPro/wums/lib\libnotifications.a(utils.o)
 .text.exit._GLOBAL__sub_D__ZN9__gnu_cxx9__freeresEv
                0x020004ec       0x5c C:/devkitPro/devkitPPC/bin/../lib/gcc/powerpc-eabi/15.1.0/../../../../powerpc-eabi/lib\libstdc++.a(eh_alloc.o)
 .text.exit._GLOBAL__sub_D__ZN17__eh_globals_init7_S_initE
                0x02000548       0x48 C:/devkitPro/devkitPPC/bin/../lib/gcc/powerpc-eabi/15.1.0/../../../../powerpc-eabi/lib\libstdc++.a(eh_globals.o)
 *(.text.startup .text.startup.*)
 .text.startup._GLOBAL__sub_I_sDefaultValues
                0x02000590       0x28 C:/devkitPro/wums/lib\libnotifications.a(utils.o)
 .text.startup._GLOBAL__sub_I__ZN9__gnu_cxx9__freeresEv
                0x020005b8      0x26c C:/devkitPro/devkitPPC/bin/../lib/gcc/powerpc-eabi/15.1.0/../../../../powerpc-eabi/lib\libstdc++.a(eh_alloc.o)
 .text.startup._GLOBAL__sub_I__ZN17__eh_globals_init7_S_initE
                0x02000824       0x50 C:/devkitPro/devkitPPC/bin/../lib/gcc/powerpc-eabi/15.1.0/../../../../powerpc-eabi/lib\libstdc++.a(eh_globals.o)
 *(.text.hot .text.hot.*)
 *(SORT_BY_NAME(.text.sorted.*))
 *(.text .stub .text.* .gnu.linkonce.t.*)
 .text.__do_global_dtors_aux
                0x02000874       0xcc C:/devkitPro/devkitPPC/bin/../lib/gcc/powerpc-eabi/15.1.0/crtbegin.o
 .text.frame_dummy
                0x02000940       0x24 C:/devkitPro/devkitPPC/bin/../lib/gcc/powerpc-eabi/15.1.0/crtbegin.o
 .text._Z13deinit_pluginv
                0x02000964        0x4 main.o
                0x02000964                _Z13deinit_pluginv
 .text._Z18on_init_wut_mallocv
                0x02000968        0x4 main.o
                0x02000968                _Z18on_init_wut_mallocv
 .text._Z18on_fini_wut_mallocv
                0x0200096c        0x4 main.o
                0x0200096c                _Z18on_fini_wut_mallocv
 .text._Z19on_init_wut_socketsv
                0x02000970       0x14 main.o
                0x02000970                _Z19on_init_wut_socketsv
 .text._Z19on_fini_wut_socketsv
                0x02000984       0x14 main.o
                0x02000984                _Z19on_fini_wut_socketsv
 .text._Z18on_init_wut_newlibv
                0x02000998        0x4 main.o
                0x02000998                _Z18on_init_wut_newlibv
 .text._Z18on_fini_wut_newlibv
                0x0200099c        0x4 main.o
                0x0200099c                _Z18on_fini_wut_newlibv
 .text._Z18on_init_wut_stdcppv
                0x020009a0        0x4 main.o
                0x020009a0                _Z18on_init_wut_stdcppv
 .text._Z18on_fini_wut_stdcppv
                0x020009a4        0x4 main.o
                0x020009a4                _Z18on_fini_wut_stdcppv
 .text._Z14__init_wrapperv
                0x020009a8       0x50 main.o
                                 0x40 (size before relaxing)
                0x020009a8                _Z14__init_wrapperv
 .text._Z14__fini_wrapperv
                0x020009f8        0x4 main.o
                0x020009f8                _Z14__fini_wrapperv
 .text._Z26wups_init_config_functions30wups_loader_init_config_args_t
                0x020009fc       0x38 main.o
                0x020009fc                _Z26wups_init_config_functions30wups_loader_init_config_args_t
 .text._Z32wups_init_button_combo_functions37wups_loader_init_button_combo_args_t_
                0x02000a34       0x34 main.o
                0x02000a34                _Z32wups_init_button_combo_functions37wups_loader_init_button_combo_args_t_
 .text._Z20on_init_wut_devoptabv
                0x02000a68        0x4 main.o
                0x02000a68                _Z20on_init_wut_devoptabv
 .text._Z20on_fini_wut_devoptabv
                0x02000a6c        0x4 main.o
                0x02000a6c                _Z20on_fini_wut_devoptabv
 .text._ZN18WUPSConfigItemStubD2Ev
                0x02000a70       0x10 main.o
                0x02000a70                _ZN18WUPSConfigItemStubD1Ev
                0x02000a70                _ZN18WUPSConfigItemStubD2Ev
 .text._ZN18WUPSConfigItemStubD0Ev
                0x02000a80       0x40 main.o
                0x02000a80                _ZN18WUPSConfigItemStubD0Ev
 .text._Z24ConfigMenuClosedCallbackv
                0x02000ac0        0x8 main.o
                0x02000ac0                _Z24ConfigMenuClosedCallbackv
 .text._Z11init_pluginv
                0x02000ac8       0x5c main.o
                                 0x4c (size before relaxing)
                0x02000ac8                _Z11init_pluginv
 .text._Z13on_app_endingv
                0x02000b24        0x4 main.o
                0x02000b24                _Z13on_app_endingv
 .text._Z15on_app_startingv
                0x02000b28      0x1a8 main.o
                                0x178 (size before relaxing)
                0x02000b28                _Z15on_app_startingv
 .text._Z20on_app_requests_exitv
                0x02000cd0        0x4 main.o
                0x02000cd0                _Z20on_app_requests_exitv
 .text._Z16socketThreadFunciPPKc
                0x02000cd4      0x5f0 main.o
                                0x560 (size before relaxing)
                0x02000cd4                _Z16socketThreadFunciPPKc
 .text._ZNSt7__cxx1112basic_stringIcSt11char_traitsIcESaIcEE10_M_disposeEv
                0x020012c4       0x20 main.o
                0x020012c4                _ZNSt7__cxx1112basic_stringIcSt11char_traitsIcESaIcEE10_M_disposeEv
 .text._ZNSt7__cxx1112basic_stringIcSt11char_traitsIcESaIcEE6insertEjPKc
                0x020012e4      0x430 main.o
                0x020012e4                _ZNSt7__cxx1112basic_stringIcSt11char_traitsIcESaIcEE6insertEjPKc
 .text._Z24ConfigMenuOpenedCallback24WUPSConfigCategoryHandle
                0x02001714      0x504 main.o
                                0x4f4 (size before relaxing)
                0x02001714                _Z24ConfigMenuOpenedCallback24WUPSConfigCategoryHandle
 .text.initLogging
                0x02001c18       0x58 logger.o
                0x02001c18                initLogging
 .text.deinitLogging
                0x02001c70       0xc4 logger.o
                0x02001c70                deinitLogging
 .text._ZN18WUPSConfigCategoryD2Ev
                0x02001d34       0x40 C:/devkitPro/wups/lib\libwups.a(WUPSConfigCategory.o)
                0x02001d34                _ZN18WUPSConfigCategoryD2Ev
                0x02001d34                _ZN18WUPSConfigCategoryD1Ev
 .text._ZN18WUPSConfigCategoryD0Ev
                0x02001d74       0x58 C:/devkitPro/wups/lib\libwups.a(WUPSConfigCategory.o)
                0x02001d74                _ZN18WUPSConfigCategoryD0Ev
 .text._ZN18WUPSConfigCategoryC2E24WUPSConfigCategoryHandle
                0x02001dcc       0x18 C:/devkitPro/wups/lib\libwups.a(WUPSConfigCategory.o)
                0x02001dcc                _ZN18WUPSConfigCategoryC2E24WUPSConfigCategoryHandle
                0x02001dcc                _ZN18WUPSConfigCategoryC1E24WUPSConfigCategoryHandle
 .text._ZN18WUPSConfigCategory3addEO14WUPSConfigItem
                0x02001de4       0xd0 C:/devkitPro/wups/lib\libwups.a(WUPSConfigCategory.o)
                0x02001de4                _ZN18WUPSConfigCategory3addEO14WUPSConfigItem
 .text._ZN14WUPSConfigItemD2Ev
                0x02001eb4       0x40 C:/devkitPro/wups/lib\libwups.a(WUPSConfigItem.o)
                0x02001eb4                _ZN14WUPSConfigItemD1Ev
                0x02001eb4                _ZN14WUPSConfigItemD2Ev
 .text._ZN14WUPSConfigItemD0Ev
                0x02001ef4       0x58 C:/devkitPro/wups/lib\libwups.a(WUPSConfigItem.o)
                0x02001ef4                _ZN14WUPSConfigItemD0Ev
 .text._ZN14WUPSConfigItemC2EOS_
                0x02001f4c       0x24 C:/devkitPro/wups/lib\libwups.a(WUPSConfigItem.o)
                0x02001f4c                _ZN14WUPSConfigItemC2EOS_
                0x02001f4c                _ZN14WUPSConfigItemC1EOS_
 .text._ZNK14WUPSConfigItem9getHandleEv
                0x02001f70        0x8 C:/devkitPro/wups/lib\libwups.a(WUPSConfigItem.o)
                0x02001f70                _ZNK14WUPSConfigItem9getHandleEv
 .text._ZN14WUPSConfigItem7releaseEv
                0x02001f78        0xc C:/devkitPro/wups/lib\libwups.a(WUPSConfigItem.o)
                0x02001f78                _ZN14WUPSConfigItem7releaseEv
 .text._ZNSt7__cxx1112basic_stringIcSt11char_traitsIcESaIcEE6appendEPKc
                0x02001f84      0x344 C:/devkitPro/wups/lib\libwups.a(WUPSConfigItemStubCpp.o)
                0x02001f84                _ZNSt7__cxx1112basic_stringIcSt11char_traitsIcESaIcEE6appendEPKc
 .text._ZN18WUPSConfigItemStub6CreateESt17basic_string_viewIcSt11char_traitsIcEE
                0x020022c8      0x1fc C:/devkitPro/wups/lib\libwups.a(WUPSConfigItemStubCpp.o)
                0x020022c8                _ZN18WUPSConfigItemStub6CreateESt17basic_string_viewIcSt11char_traitsIcEE
 .text.WUPSButtonComboAPI_InitInternal
                0x020024c4       0xc4 C:/devkitPro/wups/lib\libwups.a(button_combo.o)
                0x020024c4                WUPSButtonComboAPI_InitInternal
 .text.WUPSConfigAPI_GetStatusStr
                0x02002588       0xec C:/devkitPro/wups/lib\libwups.a(config_api.o)
                0x02002588                WUPSConfigAPI_GetStatusStr
 .text.WUPSConfigAPI_GetVersion
                0x02002674       0xd4 C:/devkitPro/wups/lib\libwups.a(config_api.o)
                                 0xb4 (size before relaxing)
                0x02002674                WUPSConfigAPI_GetVersion
 .text.WUPSConfigAPI_InitLibrary_Internal
                0x02002748      0x240 C:/devkitPro/wups/lib\libwups.a(config_api.o)
                                0x220 (size before relaxing)
                0x02002748                WUPSConfigAPI_InitLibrary_Internal
 .text.WUPSConfigAPI_Init
                0x02002988       0xac C:/devkitPro/wups/lib\libwups.a(config_api.o)
                0x02002988                WUPSConfigAPI_Init
 .text.WUPSConfigAPI_Category_Destroy
                0x02002a34       0x78 C:/devkitPro/wups/lib\libwups.a(config_api.o)
                0x02002a34                WUPSConfigAPI_Category_Destroy
 .text.WUPSConfigAPI_Category_AddItem
                0x02002aac       0x8c C:/devkitPro/wups/lib\libwups.a(config_api.o)
                0x02002aac                WUPSConfigAPI_Category_AddItem
 .text.WUPSConfigAPI_Item_CreateEx
                0x02002b38       0x9c C:/devkitPro/wups/lib\libwups.a(config_api.o)
                0x02002b38                WUPSConfigAPI_Item_CreateEx
 .text.WUPSConfigAPI_Item_Destroy
                0x02002bd4       0x78 C:/devkitPro/wups/lib\libwups.a(config_api.o)
                0x02002bd4                WUPSConfigAPI_Item_Destroy
 .text.__wups_start
                0x02002c4c       0x1c C:/devkitPro/wups/lib\libwups.a(main.o)
                                  0xc (size before relaxing)
                0x02002c4c                __wups_start
 .text.__init_wut_socket
                0x02002c68       0x70 C:/devkitPro/wups/lib\libwups.a(main.o)
                                 0x60 (size before relaxing)
                0x02002c68                __init_wut_socket
 .text.__fini_wut_socket
                0x02002cd8       0x5c C:/devkitPro/wups/lib\libwups.a(main.o)
                0x02002cd8                __fini_wut_socket
 .text.__getreent
                0x02002d34        0x4 C:/devkitPro/wups/lib\libwups.a(main.o)
                0x02002d34                __getreent
 .text.wut_set_thread_specific
                0x02002d38        0x4 C:/devkitPro/wups/lib\libwups.a(main.o)
                0x02002d38                wut_set_thread_specific
 .text.wut_get_thread_specific
                0x02002d3c        0x4 C:/devkitPro/wups/lib\libwups.a(main.o)
                0x02002d3c                wut_get_thread_specific
 .text.__assert_func
                0x02002d40      0x16c C:/devkitPro/wups/lib\libwups.a(main.o)
                                0x15c (size before relaxing)
                0x02002d40                __assert_func
 .text._ZN14WUPSStorageAPI11SaveStorageEb
                0x02002eac        0x4 C:/devkitPro/wups/lib\libwups.a(storageCPP.o)
                0x02002eac                _ZN14WUPSStorageAPI11SaveStorageEb
 .text._ZL21__wups_thread_cleanupPjPv
                0x02002eb0       0xf0 C:/devkitPro/wups/lib\libwups.a(wups_reent.o)
                                 0xd0 (size before relaxing)
 .text._Z15__wups_getreentv
                0x02002fa0      0x170 C:/devkitPro/wups/lib\libwups.a(wups_reent.o)
                                0x130 (size before relaxing)
                0x02002fa0                _Z15__wups_getreentv
 .text.wups_set_thread_specific
                0x02003110       0xc8 C:/devkitPro/wups/lib\libwups.a(wups_thread_specific.o)
                                 0xa8 (size before relaxing)
                0x02003110                wups_set_thread_specific
 .text.wups_get_thread_specific
                0x020031d8       0xe8 C:/devkitPro/wups/lib\libwups.a(wups_thread_specific.o)
                                 0xc8 (size before relaxing)
                0x020031d8                wups_get_thread_specific
 .text._ZL36WUPSConfigItemStub_getEmptyTextValuePvPci
                0x020032c0       0x2c C:/devkitPro/wups/lib\libwups.a(WUPSConfigItemStub.o)
 .text._ZL26WUPSConfigItemStub_CleanupPv
                0x020032ec        0x4 C:/devkitPro/wups/lib\libwups.a(WUPSConfigItemStub.o)
 .text.WUPSConfigItemStub_Create
                0x020032f0      0x130 C:/devkitPro/wups/lib\libwups.a(WUPSConfigItemStub.o)
                0x020032f0                WUPSConfigItemStub_Create
 .text.WUPSStorageAPI_SaveStorage
                0x02003420       0x34 C:/devkitPro/wups/lib\libwups.a(storage.o)
                0x02003420                WUPSStorageAPI_SaveStorage
 .text.__syscall_lock_init
                0x02003454        0x8 C:/devkitPro/wut/lib\libwut.a(wut_newlib.o)
                0x02003454                __syscall_lock_init
 .text.__syscall_lock_acquire
                0x0200345c        0x4 C:/devkitPro/wut/lib\libwut.a(wut_newlib.o)
                0x0200345c                __syscall_lock_acquire
 .text.__syscall_lock_release
                0x02003460        0x4 C:/devkitPro/wut/lib\libwut.a(wut_newlib.o)
                0x02003460                __syscall_lock_release
 .text.__syscall_lock_init_recursive
                0x02003464        0x8 C:/devkitPro/wut/lib\libwut.a(wut_newlib.o)
                0x02003464                __syscall_lock_init_recursive
 .text.__init_wut_newlib
                0x0200346c       0x14 C:/devkitPro/wut/lib\libwut.a(wut_newlib.o)
                0x0200346c                __init_wut_newlib
 .text.__fini_wut_newlib
                0x02003480        0x4 C:/devkitPro/wut/lib\libwut.a(wut_newlib.o)
                0x02003480                __fini_wut_newlib
 .text.__fini_wut_sbrk_heap
                0x02003484       0x88 C:/devkitPro/wut/lib\libwut.a(wut_sbrk.o)
                                 0x78 (size before relaxing)
                0x02003484                __fini_wut_sbrk_heap
 .text.__init_wut_malloc
                0x0200350c        0x4 C:/devkitPro/wut/lib\libwut.a(wut_malloc.o)
                0x0200350c                __init_wut_malloc
 .text.__fini_wut_malloc
                0x02003510        0x4 C:/devkitPro/wut/lib\libwut.a(wut_malloc.o)
                0x02003510                __fini_wut_malloc
 .text._malloc_r
                0x02003514       0x6c C:/devkitPro/wut/lib\libwut.a(wut_malloc.o)
                0x02003514                _malloc_r
 .text._free_r  0x02003580       0x18 C:/devkitPro/wut/lib\libwut.a(wut_malloc.o)
                0x02003580                _free_r
 .text._realloc_r
                0x02003598       0xf0 C:/devkitPro/wut/lib\libwut.a(wut_malloc.o)
                                 0xe0 (size before relaxing)
                0x02003598                _realloc_r
 .text._calloc_r
                0x02003688       0x9c C:/devkitPro/wut/lib\libwut.a(wut_malloc.o)
                0x02003688                _calloc_r
 .text._memalign_r
                0x02003724       0x70 C:/devkitPro/wut/lib\libwut.a(wut_malloc.o)
                0x02003724                _memalign_r
 .text.accept   0x02003794       0xec C:/devkitPro/wut/lib\libwut.a(accept.o)
                                 0xdc (size before relaxing)
                0x02003794                accept
 .text.bind     0x02003880       0x7c C:/devkitPro/wut/lib\libwut.a(bind.o)
                                 0x6c (size before relaxing)
                0x02003880                bind
 .text.listen   0x020038fc       0x68 C:/devkitPro/wut/lib\libwut.a(listen.o)
                                 0x58 (size before relaxing)
                0x020038fc                listen
 .text.recv     0x02003964       0x90 C:/devkitPro/wut/lib\libwut.a(recv.o)
                                 0x80 (size before relaxing)
                0x02003964                recv
 .text.send     0x020039f4       0x90 C:/devkitPro/wut/lib\libwut.a(send.o)
                                 0x80 (size before relaxing)
                0x020039f4                send
 .text.setsockopt
                0x02003a84       0xa4 C:/devkitPro/wut/lib\libwut.a(setsockopt.o)
                                 0x94 (size before relaxing)
                0x02003a84                setsockopt
 .text.socket   0x02003b28       0xe0 C:/devkitPro/wut/lib\libwut.a(socket.o)
                                 0xd0 (size before relaxing)
                0x02003b28                socket
 .text.__wut_socket_init_devoptab
                0x02003c08        0xc C:/devkitPro/wut/lib\libwut.a(wut_socket_common.o)
                0x02003c08                __wut_socket_init_devoptab
 .text.__wut_socket_fini_devoptab
                0x02003c14        0xc C:/devkitPro/wut/lib\libwut.a(wut_socket_common.o)
                0x02003c14                __wut_socket_fini_devoptab
 .text.__wut_get_nsysnet_fd
                0x02003c20       0x8c C:/devkitPro/wut/lib\libwut.a(wut_socket_common.o)
                0x02003c20                __wut_get_nsysnet_fd
 .text.__wut_get_nsysnet_result
                0x02003cac       0x90 C:/devkitPro/wut/lib\libwut.a(wut_socket_common.o)
                                 0x80 (size before relaxing)
                0x02003cac                __wut_get_nsysnet_result
 .text.__wut_socket_open
                0x02003d3c       0x10 C:/devkitPro/wut/lib\libwut.a(wut_socket_open.o)
                0x02003d3c                __wut_socket_open
 .text.__wut_socket_read
                0x02003d4c       0x58 C:/devkitPro/wut/lib\libwut.a(wut_socket_read.o)
                                 0x48 (size before relaxing)
                0x02003d4c                __wut_socket_read
 .text.__wut_socket_write
                0x02003da4       0x58 C:/devkitPro/wut/lib\libwut.a(wut_socket_write.o)
                                 0x48 (size before relaxing)
                0x02003da4                __wut_socket_write
 .text.WHBAddLogHandler
                0x02003dfc       0x6c C:/devkitPro/wut/lib\libwut.a(log.o)
                0x02003dfc                WHBAddLogHandler
 .text.WHBRemoveLogHandler
                0x02003e68       0x60 C:/devkitPro/wut/lib\libwut.a(log.o)
                0x02003e68                WHBRemoveLogHandler
 .text.WHBLogPrintf
                0x02003ec8      0x1c0 C:/devkitPro/wut/lib\libwut.a(log.o)
                0x02003ec8                WHBLogPrintf
 .text.cafeLogHandler
                0x02004088       0x78 C:/devkitPro/wut/lib\libwut.a(log_cafe.o)
                                 0x68 (size before relaxing)
 .text.WHBLogCafeInit
                0x02004100        0xc C:/devkitPro/wut/lib\libwut.a(log_cafe.o)
                0x02004100                WHBLogCafeInit
 .text.WHBLogCafeDeinit
                0x0200410c        0xc C:/devkitPro/wut/lib\libwut.a(log_cafe.o)
                0x0200410c                WHBLogCafeDeinit
 .text.moduleLogHandler
                0x02004118       0x5c C:/devkitPro/wut/lib\libwut.a(log_module.o)
 .text.WHBLogModuleInit
                0x02004174       0xec C:/devkitPro/wut/lib\libwut.a(log_module.o)
                                 0xbc (size before relaxing)
                0x02004174                WHBLogModuleInit
 .text.WHBLogModuleDeinit
                0x02004260        0xc C:/devkitPro/wut/lib\libwut.a(log_module.o)
                0x02004260                WHBLogModuleDeinit
 .text.udpLogHandler
                0x0200426c       0x4c C:/devkitPro/wut/lib\libwut.a(log_udp.o)
 .text.WHBLogUdpInit
                0x020042b8       0xec C:/devkitPro/wut/lib\libwut.a(log_udp.o)
                                 0xcc (size before relaxing)
                0x020042b8                WHBLogUdpInit
 .text.WHBLogUdpDeinit
                0x020043a4       0x4c C:/devkitPro/wut/lib\libwut.a(log_udp.o)
                0x020043a4                WHBLogUdpDeinit
 .text.__gthr_impl_active
                0x020043f0        0x8 C:/devkitPro/wut/lib\libwut.a(wut_gthread.o)
                0x020043f0                __gthr_impl_active
 .text.__gthr_impl_once
                0x020043f8        0x4 C:/devkitPro/wut/lib\libwut.a(wut_gthread.o)
                0x020043f8                __gthr_impl_once
 .text.__gthr_impl_key_delete
                0x020043fc       0x30 C:/devkitPro/wut/lib\libwut.a(wut_gthread.o)
                0x020043fc                __gthr_impl_key_delete
 .text.__gthr_impl_getspecific
                0x0200442c       0x30 C:/devkitPro/wut/lib\libwut.a(wut_gthread.o)
                0x0200442c                __gthr_impl_getspecific
 .text.__gthr_impl_setspecific
                0x0200445c       0x30 C:/devkitPro/wut/lib\libwut.a(wut_gthread.o)
                0x0200445c                __gthr_impl_setspecific
 .text.__gthr_impl_mutex_init_function
                0x0200448c        0x4 C:/devkitPro/wut/lib\libwut.a(wut_gthread.o)
                0x0200448c                __gthr_impl_mutex_init_function
 .text.__gthr_impl_mutex_destroy
                0x02004490        0x4 C:/devkitPro/wut/lib\libwut.a(wut_gthread.o)
                0x02004490                __gthr_impl_mutex_destroy
 .text.__gthr_impl_mutex_lock
                0x02004494        0x4 C:/devkitPro/wut/lib\libwut.a(wut_gthread.o)
                0x02004494                __gthr_impl_mutex_lock
 .text.__gthr_impl_mutex_unlock
                0x02004498        0x4 C:/devkitPro/wut/lib\libwut.a(wut_gthread.o)
                0x02004498                __gthr_impl_mutex_unlock
 .text.__init_wut_stdcpp
                0x0200449c        0x4 C:/devkitPro/wut/lib\libwut.a(wut_gthread.o)
                0x0200449c                __init_wut_stdcpp
 .text.__fini_wut_stdcpp
                0x020044a0        0x4 C:/devkitPro/wut/lib\libwut.a(wut_gthread.o)
                0x020044a0                __fini_wut_stdcpp
 .text._Z16__wut_key_delete11__wut_key_t
                0x020044a4       0x6c C:/devkitPro/wut/lib\libwut.a(wut_gthread_keys.o)
                0x020044a4                _Z16__wut_key_delete11__wut_key_t
 .text._Z17__wut_getspecific11__wut_key_t
                0x02004510       0x70 C:/devkitPro/wut/lib\libwut.a(wut_gthread_keys.o)
                0x02004510                _Z17__wut_getspecific11__wut_key_t
 .text._Z17__wut_setspecific11__wut_key_tPKv
                0x02004580       0x84 C:/devkitPro/wut/lib\libwut.a(wut_gthread_keys.o)
                0x02004580                _Z17__wut_setspecific11__wut_key_tPKv
 .text._Z25__wut_mutex_init_functionP7OSMutex
                0x02004604       0x14 C:/devkitPro/wut/lib\libwut.a(wut_gthread_mutex.o)
                                  0x4 (size before relaxing)
                0x02004604                _Z25__wut_mutex_init_functionP7OSMutex
 .text._Z16__wut_mutex_lockP7OSMutex
                0x02004618       0x34 C:/devkitPro/wut/lib\libwut.a(wut_gthread_mutex.o)
                                 0x24 (size before relaxing)
                0x02004618                _Z16__wut_mutex_lockP7OSMutex
 .text._Z18__wut_mutex_unlockP7OSMutex
                0x0200464c       0x34 C:/devkitPro/wut/lib\libwut.a(wut_gthread_mutex.o)
                                 0x24 (size before relaxing)
                0x0200464c                _Z18__wut_mutex_unlockP7OSMutex
 .text._Z19__wut_mutex_destroyP7OSMutex
                0x02004680        0x8 C:/devkitPro/wut/lib\libwut.a(wut_gthread_mutex.o)
                0x02004680                _Z19__wut_mutex_destroyP7OSMutex
 .text._Z10__wut_oncePVjPFvvE
                0x02004688       0xe0 C:/devkitPro/wut/lib\libwut.a(wut_gthread_once.o)
                                 0xb0 (size before relaxing)
                0x02004688                _Z10__wut_oncePVjPFvvE
 .text.__init_wut_devoptab
                0x02004768      0x20c C:/devkitPro/wut/lib\libwut.a(devoptab_fsa.o)
                                0x1bc (size before relaxing)
                0x02004768                __init_wut_devoptab
 .text.__fini_wut_devoptab
                0x02004974       0xac C:/devkitPro/wut/lib\libwut.a(devoptab_fsa.o)
                                 0x8c (size before relaxing)
                0x02004974                __fini_wut_devoptab
 .text.__wut_fsa_chdir
                0x02004a20      0x12c C:/devkitPro/wut/lib\libwut.a(devoptab_fsa_chdir.o)
                                0x11c (size before relaxing)
                0x02004a20                __wut_fsa_chdir
 .text.__wut_fsa_chmod
                0x02004b4c       0xf0 C:/devkitPro/wut/lib\libwut.a(devoptab_fsa_chmod.o)
                                 0xe0 (size before relaxing)
                0x02004b4c                __wut_fsa_chmod
 .text.__wut_fsa_close
                0x02004c3c       0xcc C:/devkitPro/wut/lib\libwut.a(devoptab_fsa_close.o)
                                 0x9c (size before relaxing)
                0x02004c3c                __wut_fsa_close
 .text.__wut_fsa_dirclose
                0x02004d08       0xd0 C:/devkitPro/wut/lib\libwut.a(devoptab_fsa_dirclose.o)
                                 0xa0 (size before relaxing)
                0x02004d08                __wut_fsa_dirclose
 .text.__wut_fsa_dirnext
                0x02004dd8      0x1dc C:/devkitPro/wut/lib\libwut.a(devoptab_fsa_dirnext.o)
                                0x1ac (size before relaxing)
                0x02004dd8                __wut_fsa_dirnext
 .text.__wut_fsa_diropen
                0x02004fb4      0x1bc C:/devkitPro/wut/lib\libwut.a(devoptab_fsa_diropen.o)
                                0x17c (size before relaxing)
                0x02004fb4                __wut_fsa_diropen
 .text.__wut_fsa_dirreset
                0x02005170       0xd0 C:/devkitPro/wut/lib\libwut.a(devoptab_fsa_dirreset.o)
                                 0xa0 (size before relaxing)
                0x02005170                __wut_fsa_dirreset
 .text.__wut_fsa_fstat
                0x02005240      0x104 C:/devkitPro/wut/lib\libwut.a(devoptab_fsa_fstat.o)
                                 0xd4 (size before relaxing)
                0x02005240                __wut_fsa_fstat
 .text.__wut_fsa_fsync
                0x02005344       0xcc C:/devkitPro/wut/lib\libwut.a(devoptab_fsa_fsync.o)
                                 0x9c (size before relaxing)
                0x02005344                __wut_fsa_fsync
 .text.__wut_fsa_mkdir
                0x02005410       0xf0 C:/devkitPro/wut/lib\libwut.a(devoptab_fsa_mkdir.o)
                                 0xe0 (size before relaxing)
                0x02005410                __wut_fsa_mkdir
 .text.__wut_fsa_open
                0x02005500      0x53c C:/devkitPro/wut/lib\libwut.a(devoptab_fsa_open.o)
                                0x4cc (size before relaxing)
                0x02005500                __wut_fsa_open
 .text.__wut_fsa_read
                0x02005a3c      0x1ec C:/devkitPro/wut/lib\libwut.a(devoptab_fsa_read.o)
                                0x1bc (size before relaxing)
                0x02005a3c                __wut_fsa_read
 .text.__wut_fsa_rename
                0x02005c28      0x124 C:/devkitPro/wut/lib\libwut.a(devoptab_fsa_rename.o)
                                0x114 (size before relaxing)
                0x02005c28                __wut_fsa_rename
 .text.__wut_fsa_rmdir
                0x02005d4c       0xd4 C:/devkitPro/wut/lib\libwut.a(devoptab_fsa_rmdir.o)
                                 0xc4 (size before relaxing)
                0x02005d4c                __wut_fsa_rmdir
 .text.__wut_fsa_seek
                0x02005e20      0x1c8 C:/devkitPro/wut/lib\libwut.a(devoptab_fsa_seek.o)
                                0x188 (size before relaxing)
                0x02005e20                __wut_fsa_seek
 .text.__wut_fsa_stat
                0x02005fe8      0x128 C:/devkitPro/wut/lib\libwut.a(devoptab_fsa_stat.o)
                                0x118 (size before relaxing)
                0x02005fe8                __wut_fsa_stat
 .text.__wut_fsa_statvfs
                0x02006110      0x178 C:/devkitPro/wut/lib\libwut.a(devoptab_fsa_statvfs.o)
                                0x168 (size before relaxing)
                0x02006110                __wut_fsa_statvfs
 .text.__wut_fsa_ftruncate
                0x02006288      0x108 C:/devkitPro/wut/lib\libwut.a(devoptab_fsa_truncate.o)
                                 0xc8 (size before relaxing)
                0x02006288                __wut_fsa_ftruncate
 .text.__wut_fsa_unlink
                0x02006390       0xd4 C:/devkitPro/wut/lib\libwut.a(devoptab_fsa_unlink.o)
                                 0xc4 (size before relaxing)
                0x02006390                __wut_fsa_unlink
 .text.__wut_fsa_hashstring
                0x02006464       0x40 C:/devkitPro/wut/lib\libwut.a(devoptab_fsa_utils.o)
                0x02006464                __wut_fsa_hashstring
 .text.__wut_fsa_fixpath
                0x020064a4      0x368 C:/devkitPro/wut/lib\libwut.a(devoptab_fsa_utils.o)
                0x020064a4                __wut_fsa_fixpath
 .text.__wut_fsa_translate_stat_mode
                0x0200680c       0x7c C:/devkitPro/wut/lib\libwut.a(devoptab_fsa_utils.o)
                0x0200680c                __wut_fsa_translate_stat_mode
 .text.__wut_fsa_translate_stat
                0x02006888      0x144 C:/devkitPro/wut/lib\libwut.a(devoptab_fsa_utils.o)
                0x02006888                __wut_fsa_translate_stat
 .text.__wut_fsa_translate_error
                0x020069cc       0x28 C:/devkitPro/wut/lib\libwut.a(devoptab_fsa_utils.o)
                0x020069cc                __wut_fsa_translate_error
 .text.__wut_fsa_write
                0x020069f4      0x204 C:/devkitPro/wut/lib\libwut.a(devoptab_fsa_write.o)
                                0x1d4 (size before relaxing)
                0x020069f4                __wut_fsa_write
 .text.__wut_lock_init
                0x02006bf8       0xec C:/devkitPro/wut/lib\libwut.a(wut_lock.o)
                                 0xcc (size before relaxing)
                0x02006bf8                __wut_lock_init
 .text.__wut_lock_acquire
                0x02006ce4       0x64 C:/devkitPro/wut/lib\libwut.a(wut_lock.o)
                                 0x54 (size before relaxing)
                0x02006ce4                __wut_lock_acquire
 .text.__wut_lock_release
                0x02006d48       0x64 C:/devkitPro/wut/lib\libwut.a(wut_lock.o)
                                 0x54 (size before relaxing)
                0x02006d48                __wut_lock_release
 .text.sendto   0x02006dac       0xb8 C:/devkitPro/wut/lib\libwut.a(sendto.o)
                                 0xa8 (size before relaxing)
                0x02006dac                sendto
 .text.shutdown
                0x02006e64       0x68 C:/devkitPro/wut/lib\libwut.a(shutdown.o)
                                 0x58 (size before relaxing)
                0x02006e64                shutdown
 .text.__wut_socket_close
                0x02006ecc       0x4c C:/devkitPro/wut/lib\libwut.a(wut_socket_close.o)
                                 0x3c (size before relaxing)
                0x02006ecc                __wut_socket_close
 .text.FunctionPatcher_GetVersion
                0x02006f18      0x158 C:/devkitPro/wums/lib\libfunctionpatcher.a(utils.o)
                                0x128 (size before relaxing)
                0x02006f18                FunctionPatcher_GetVersion
 .text.FunctionPatcher_InitLibrary
                0x02007070      0x2cc C:/devkitPro/wums/lib\libfunctionpatcher.a(utils.o)
                                0x29c (size before relaxing)
                0x02007070                FunctionPatcher_InitLibrary
 .text._ZL40NotificationModule_AddStaticNotificationPKc34NotificationModuleNotificationTypeff8_NMColorS2_PFvjPvES3_b
                0x0200733c       0xc4 C:/devkitPro/wums/lib\libnotifications.a(utils.o)
 .text._ZNSt8_Rb_treeI34NotificationModuleNotificationTypeSt4pairIKS0_19NMDefaultValueStoreESt10_Select1stIS4_ESt4lessIS0_ESaIS4_EE24_M_get_insert_unique_posERS2_.isra.0
                0x02007400       0xe8 C:/devkitPro/wums/lib\libnotifications.a(utils.o)
 .text._ZNSt8_Rb_treeI34NotificationModuleNotificationTypeSt4pairIKS0_19NMDefaultValueStoreESt10_Select1stIS4_ESt4lessIS0_ESaIS4_EE29_M_get_insert_hint_unique_posESt23_Rb_tree_const_iteratorIS4_ERS2_.isra.0
                0x020074e8      0x16c C:/devkitPro/wums/lib\libnotifications.a(utils.o)
 .text._ZNSt8_Rb_treeI34NotificationModuleNotificationTypeSt4pairIKS0_19NMDefaultValueStoreESt10_Select1stIS4_ESt4lessIS0_ESaIS4_EE22_M_emplace_hint_uniqueIJRKSt21piecewise_construct_tSt5tupleIJOS0_EESF_IJEEEEESt17_Rb_tree_iteratorIS4_ESt23_Rb_tree_const_iteratorIS4_EDpOT_.isra.0
                0x02007654      0x140 C:/devkitPro/wums/lib\libnotifications.a(utils.o)
 .text._ZNSt8_Rb_treeI34NotificationModuleNotificationTypeSt4pairIKS0_19NMDefaultValueStoreESt10_Select1stIS4_ESt4lessIS0_ESaIS4_EE8_M_eraseEPSt13_Rb_tree_nodeIS4_E.isra.0
                0x02007794      0x1ac C:/devkitPro/wums/lib\libnotifications.a(utils.o)
 .text.NotificationModule_GetVersion
                0x02007940      0x158 C:/devkitPro/wums/lib\libnotifications.a(utils.o)
                                0x128 (size before relaxing)
                0x02007940                NotificationModule_GetVersion
 .text.NotificationModule_InitLibrary
                0x02007a98      0x6a0 C:/devkitPro/wums/lib\libnotifications.a(utils.o)
                                0x670 (size before relaxing)
                0x02007a98                NotificationModule_InitLibrary
 .text.NotificationModule_AddInfoNotification
                0x02008138      0x114 C:/devkitPro/wums/lib\libnotifications.a(utils.o)
                0x02008138                NotificationModule_AddInfoNotification
 .text.NotificationModule_AddErrorNotification
                0x0200824c      0x120 C:/devkitPro/wums/lib\libnotifications.a(utils.o)
                0x0200824c                NotificationModule_AddErrorNotification
 .text._ZNK10__cxxabiv117__class_type_info11__do_upcastEPKS0_PPv
                0x0200836c       0x7c C:/devkitPro/devkitPPC/bin/../lib/gcc/powerpc-eabi/15.1.0/../../../../powerpc-eabi/lib\libstdc++.a(class_type_info.o)
                0x0200836c                _ZNK10__cxxabiv117__class_type_info11__do_upcastEPKS0_PPv
 .text._ZNK10__cxxabiv117__class_type_info20__do_find_public_srcEiPKvPKS0_S2_
                0x020083e8       0x18 C:/devkitPro/devkitPPC/bin/../lib/gcc/powerpc-eabi/15.1.0/../../../../powerpc-eabi/lib\libstdc++.a(class_type_info.o)
                0x020083e8                _ZNK10__cxxabiv117__class_type_info20__do_find_public_srcEiPKvPKS0_S2_
 .text._ZN10__cxxabiv117__class_type_infoD2Ev
                0x02008400       0x10 C:/devkitPro/devkitPPC/bin/../lib/gcc/powerpc-eabi/15.1.0/../../../../powerpc-eabi/lib\libstdc++.a(class_type_info.o)
                0x02008400                _ZN10__cxxabiv117__class_type_infoD2Ev
                0x02008400                _ZN10__cxxabiv117__class_type_infoD1Ev
 .text._ZN10__cxxabiv117__class_type_infoD0Ev
                0x02008410       0x40 C:/devkitPro/devkitPPC/bin/../lib/gcc/powerpc-eabi/15.1.0/../../../../powerpc-eabi/lib\libstdc++.a(class_type_info.o)
                0x02008410                _ZN10__cxxabiv117__class_type_infoD0Ev
 .text._ZNK10__cxxabiv117__class_type_info11__do_upcastEPKS0_PKvRNS0_15__upcast_resultE
                0x02008450       0x90 C:/devkitPro/devkitPPC/bin/../lib/gcc/powerpc-eabi/15.1.0/../../../../powerpc-eabi/lib\libstdc++.a(class_type_info.o)
                0x02008450                _ZNK10__cxxabiv117__class_type_info11__do_upcastEPKS0_PKvRNS0_15__upcast_resultE
 .text._ZNK10__cxxabiv117__class_type_info10__do_catchEPKSt9type_infoPPvj
                0x020084e0      0x100 C:/devkitPro/devkitPPC/bin/../lib/gcc/powerpc-eabi/15.1.0/../../../../powerpc-eabi/lib\libstdc++.a(class_type_info.o)
                0x020084e0                _ZNK10__cxxabiv117__class_type_info10__do_catchEPKSt9type_infoPPvj
 .text._ZNK10__cxxabiv117__class_type_info12__do_dyncastEiNS0_10__sub_kindEPKS0_PKvS3_S5_RNS0_16__dyncast_resultE
                0x020085e0      0x134 C:/devkitPro/devkitPPC/bin/../lib/gcc/powerpc-eabi/15.1.0/../../../../powerpc-eabi/lib\libstdc++.a(class_type_info.o)
                0x020085e0                _ZNK10__cxxabiv117__class_type_info12__do_dyncastEiNS0_10__sub_kindEPKS0_PKvS3_S5_RNS0_16__dyncast_resultE
 .text._ZdlPvj  0x02008714        0x4 C:/devkitPro/devkitPPC/bin/../lib/gcc/powerpc-eabi/15.1.0/../../../../powerpc-eabi/lib\libstdc++.a(del_ops.o)
                0x02008714                _ZdlPvj
 .text._ZNK9__gnu_cxx24__concurrence_lock_error4whatEv
                0x02008718        0xc C:/devkitPro/devkitPPC/bin/../lib/gcc/powerpc-eabi/15.1.0/../../../../powerpc-eabi/lib\libstdc++.a(eh_alloc.o)
                0x02008718                _ZNK9__gnu_cxx24__concurrence_lock_error4whatEv
 .text._ZNK9__gnu_cxx26__concurrence_unlock_error4whatEv
                0x02008724        0xc C:/devkitPro/devkitPPC/bin/../lib/gcc/powerpc-eabi/15.1.0/../../../../powerpc-eabi/lib\libstdc++.a(eh_alloc.o)
                0x02008724                _ZNK9__gnu_cxx26__concurrence_unlock_error4whatEv
 .text._ZN9__gnu_cxx24__concurrence_lock_errorD2Ev
                0x02008730       0x10 C:/devkitPro/devkitPPC/bin/../lib/gcc/powerpc-eabi/15.1.0/../../../../powerpc-eabi/lib\libstdc++.a(eh_alloc.o)
                0x02008730                _ZN9__gnu_cxx24__concurrence_lock_errorD2Ev
                0x02008730                _ZN9__gnu_cxx24__concurrence_lock_errorD1Ev
 .text._ZN9__gnu_cxx24__concurrence_lock_errorD0Ev
                0x02008740       0x40 C:/devkitPro/devkitPPC/bin/../lib/gcc/powerpc-eabi/15.1.0/../../../../powerpc-eabi/lib\libstdc++.a(eh_alloc.o)
                0x02008740                _ZN9__gnu_cxx24__concurrence_lock_errorD0Ev
 .text._ZN9__gnu_cxx26__concurrence_unlock_errorD2Ev
                0x02008780       0x10 C:/devkitPro/devkitPPC/bin/../lib/gcc/powerpc-eabi/15.1.0/../../../../powerpc-eabi/lib\libstdc++.a(eh_alloc.o)
                0x02008780                _ZN9__gnu_cxx26__concurrence_unlock_errorD2Ev
                0x02008780                _ZN9__gnu_cxx26__concurrence_unlock_errorD1Ev
 .text._ZN9__gnu_cxx26__concurrence_unlock_errorD0Ev
                0x02008790       0x40 C:/devkitPro/devkitPPC/bin/../lib/gcc/powerpc-eabi/15.1.0/../../../../powerpc-eabi/lib\libstdc++.a(eh_alloc.o)
                0x02008790                _ZN9__gnu_cxx26__concurrence_unlock_errorD0Ev
 .text._ZN12_GLOBAL__N_14pool4freeEPv.constprop.0
                0x020087d0      0x154 C:/devkitPro/devkitPPC/bin/../lib/gcc/powerpc-eabi/15.1.0/../../../../powerpc-eabi/lib\libstdc++.a(eh_alloc.o)
 .text._ZN12_GLOBAL__N_14pool8allocateEj.constprop.0
                0x02008924      0x114 C:/devkitPro/devkitPPC/bin/../lib/gcc/powerpc-eabi/15.1.0/../../../../powerpc-eabi/lib\libstdc++.a(eh_alloc.o)
 .text.__cxa_allocate_exception
                0x02008a38       0x68 C:/devkitPro/devkitPPC/bin/../lib/gcc/powerpc-eabi/15.1.0/../../../../powerpc-eabi/lib\libstdc++.a(eh_alloc.o)
                0x02008a38                __cxa_allocate_exception
 .text.__cxa_free_exception
                0x02008aa0       0x30 C:/devkitPro/devkitPPC/bin/../lib/gcc/powerpc-eabi/15.1.0/../../../../powerpc-eabi/lib\libstdc++.a(eh_alloc.o)
                0x02008aa0                __cxa_free_exception
 .text._ZNSt9exceptionD2Ev
                0x02008ad0        0x4 C:/devkitPro/devkitPPC/bin/../lib/gcc/powerpc-eabi/15.1.0/../../../../powerpc-eabi/lib\libstdc++.a(eh_exception.o)
                0x02008ad0                _ZNSt9exceptionD2Ev
                0x02008ad0                _ZNSt9exceptionD1Ev
 .text._ZNSt13bad_exceptionD2Ev
                0x02008ad4        0x4 C:/devkitPro/devkitPPC/bin/../lib/gcc/powerpc-eabi/15.1.0/../../../../powerpc-eabi/lib\libstdc++.a(eh_exception.o)
                0x02008ad4                _ZNSt13bad_exceptionD2Ev
                0x02008ad4                _ZNSt13bad_exceptionD1Ev
 .text._ZNKSt13bad_exception4whatEv
                0x02008ad8        0xc C:/devkitPro/devkitPPC/bin/../lib/gcc/powerpc-eabi/15.1.0/../../../../powerpc-eabi/lib\libstdc++.a(eh_exception.o)
                0x02008ad8                _ZGTtNKSt13bad_exception4whatEv
                0x02008ad8                _ZNKSt13bad_exception4whatEv
 .text._ZNSt13bad_exceptionD0Ev
                0x02008ae4        0x8 C:/devkitPro/devkitPPC/bin/../lib/gcc/powerpc-eabi/15.1.0/../../../../powerpc-eabi/lib\libstdc++.a(eh_exception.o)
                0x02008ae4                _ZNSt13bad_exceptionD0Ev
 .text._ZL16get_adjusted_ptrPKSt9type_infoS1_PPv
                0x02008aec       0x98 C:/devkitPro/devkitPPC/bin/../lib/gcc/powerpc-eabi/15.1.0/../../../../powerpc-eabi/lib\libstdc++.a(eh_personality.o)
 .text._ZL28read_encoded_value_with_basehjPKhPj
                0x02008b84      0x13c C:/devkitPro/devkitPPC/bin/../lib/gcc/powerpc-eabi/15.1.0/../../../../powerpc-eabi/lib\libstdc++.a(eh_personality.o)
 .text._ZL21base_of_encoded_valuehP15_Unwind_Context
                0x02008cc0       0x68 C:/devkitPro/devkitPPC/bin/../lib/gcc/powerpc-eabi/15.1.0/../../../../powerpc-eabi/lib\libstdc++.a(eh_personality.o)
 .text._ZL17parse_lsda_headerP15_Unwind_ContextPKhP16lsda_header_info
                0x02008d28      0x120 C:/devkitPro/devkitPPC/bin/../lib/gcc/powerpc-eabi/15.1.0/../../../../powerpc-eabi/lib\libstdc++.a(eh_personality.o)
 .text._ZL20check_exception_specP16lsda_header_infoPKSt9type_infoPvl
                0x02008e48      0x138 C:/devkitPro/devkitPPC/bin/../lib/gcc/powerpc-eabi/15.1.0/../../../../powerpc-eabi/lib\libstdc++.a(eh_personality.o)
 .text.__gxx_personality_v0
                0x02008f80      0x8b4 C:/devkitPro/devkitPPC/bin/../lib/gcc/powerpc-eabi/15.1.0/../../../../powerpc-eabi/lib\libstdc++.a(eh_personality.o)
                0x02008f80                __gxx_personality_v0
 .text.__cxa_call_unexpected
                0x02009834      0x100 C:/devkitPro/devkitPPC/bin/../lib/gcc/powerpc-eabi/15.1.0/../../../../powerpc-eabi/lib\libstdc++.a(eh_personality.o)
                0x02009834                __cxa_call_unexpected
 .text._ZN10__cxxabiv111__terminateEPFvvE
                0x02009934       0x20 C:/devkitPro/devkitPPC/bin/../lib/gcc/powerpc-eabi/15.1.0/../../../../powerpc-eabi/lib\libstdc++.a(eh_terminate.o)
                0x02009934                _ZN10__cxxabiv111__terminateEPFvvE
 .text._ZN10__cxxabiv112__unexpectedEPFvvE
                0x02009954       0x18 C:/devkitPro/devkitPPC/bin/../lib/gcc/powerpc-eabi/15.1.0/../../../../powerpc-eabi/lib\libstdc++.a(eh_terminate.o)
                0x02009954                _ZN10__cxxabiv112__unexpectedEPFvvE
 .text._ZSt13get_terminatev
                0x0200996c       0x18 C:/devkitPro/devkitPPC/bin/../lib/gcc/powerpc-eabi/15.1.0/../../../../powerpc-eabi/lib\libstdc++.a(eh_terminate.o)
                0x0200996c                _ZSt13get_terminatev
 .text._ZSt14get_unexpectedv
                0x02009984       0x18 C:/devkitPro/devkitPPC/bin/../lib/gcc/powerpc-eabi/15.1.0/../../../../powerpc-eabi/lib\libstdc++.a(eh_terminate.o)
                0x02009984                _ZSt14get_unexpectedv
 .text._ZL23__gxx_exception_cleanup19_Unwind_Reason_CodeP17_Unwind_Exception
                0x0200999c       0x80 C:/devkitPro/devkitPPC/bin/../lib/gcc/powerpc-eabi/15.1.0/../../../../powerpc-eabi/lib\libstdc++.a(eh_throw.o)
 .text.__cxa_init_primary_exception
                0x02009a1c       0x70 C:/devkitPro/devkitPPC/bin/../lib/gcc/powerpc-eabi/15.1.0/../../../../powerpc-eabi/lib\libstdc++.a(eh_throw.o)
                0x02009a1c                __cxa_init_primary_exception
 .text.__cxa_throw
                0x02009a8c       0x68 C:/devkitPro/devkitPPC/bin/../lib/gcc/powerpc-eabi/15.1.0/../../../../powerpc-eabi/lib\libstdc++.a(eh_throw.o)
                0x02009a8c                __cxa_throw
 .text.__cxa_rethrow
                0x02009af4       0x8c C:/devkitPro/devkitPPC/bin/../lib/gcc/powerpc-eabi/15.1.0/../../../../powerpc-eabi/lib\libstdc++.a(eh_throw.o)
                0x02009af4                __cxa_rethrow
 .text._Znwj    0x02009b80       0x80 C:/devkitPro/devkitPPC/bin/../lib/gcc/powerpc-eabi/15.1.0/../../../../powerpc-eabi/lib\libstdc++.a(new_op.o)
                0x02009b80                _Znwj
 .text._ZN10__cxxabiv120__si_class_type_infoD2Ev
                0x02009c00       0x10 C:/devkitPro/devkitPPC/bin/../lib/gcc/powerpc-eabi/15.1.0/../../../../powerpc-eabi/lib\libstdc++.a(si_class_type_info.o)
                0x02009c00                _ZN10__cxxabiv120__si_class_type_infoD1Ev
                0x02009c00                _ZN10__cxxabiv120__si_class_type_infoD2Ev
 .text._ZN10__cxxabiv120__si_class_type_infoD0Ev
                0x02009c10       0x40 C:/devkitPro/devkitPPC/bin/../lib/gcc/powerpc-eabi/15.1.0/../../../../powerpc-eabi/lib\libstdc++.a(si_class_type_info.o)
                0x02009c10                _ZN10__cxxabiv120__si_class_type_infoD0Ev
 .text._ZNK10__cxxabiv120__si_class_type_info12__do_dyncastEiNS_17__class_type_info10__sub_kindEPKS1_PKvS4_S6_RNS1_16__dyncast_resultE
                0x02009c50      0x1b8 C:/devkitPro/devkitPPC/bin/../lib/gcc/powerpc-eabi/15.1.0/../../../../powerpc-eabi/lib\libstdc++.a(si_class_type_info.o)
                0x02009c50                _ZNK10__cxxabiv120__si_class_type_info12__do_dyncastEiNS_17__class_type_info10__sub_kindEPKS1_PKvS4_S6_RNS1_16__dyncast_resultE
 .text._ZNK10__cxxabiv120__si_class_type_info20__do_find_public_srcEiPKvPKNS_17__class_type_infoES2_
                0x02009e08       0xd4 C:/devkitPro/devkitPPC/bin/../lib/gcc/powerpc-eabi/15.1.0/../../../../powerpc-eabi/lib\libstdc++.a(si_class_type_info.o)
                0x02009e08                _ZNK10__cxxabiv120__si_class_type_info20__do_find_public_srcEiPKvPKNS_17__class_type_infoES2_
 .text._ZNK10__cxxabiv120__si_class_type_info11__do_upcastEPKNS_17__class_type_infoEPKvRNS1_15__upcast_resultE
                0x02009edc       0x94 C:/devkitPro/devkitPPC/bin/../lib/gcc/powerpc-eabi/15.1.0/../../../../powerpc-eabi/lib\libstdc++.a(si_class_type_info.o)
                0x02009edc                _ZNK10__cxxabiv120__si_class_type_info11__do_upcastEPKNS_17__class_type_infoEPKvRNS1_15__upcast_resultE
 .text._ZNSt9type_infoD2Ev
                0x02009f70        0x4 C:/devkitPro/devkitPPC/bin/../lib/gcc/powerpc-eabi/15.1.0/../../../../powerpc-eabi/lib\libstdc++.a(tinfo.o)
                0x02009f70                _ZNSt9type_infoD1Ev
                0x02009f70                _ZNSt9type_infoD2Ev
 .text._ZNKSt9type_info14__is_pointer_pEv
                0x02009f74        0x8 C:/devkitPro/devkitPPC/bin/../lib/gcc/powerpc-eabi/15.1.0/../../../../powerpc-eabi/lib\libstdc++.a(tinfo.o)
                0x02009f74                _ZNKSt9type_info14__is_pointer_pEv
                0x02009f74                _ZNKSt9type_info15__is_function_pEv
 .text._ZNKSt11logic_error4whatEv
                0x02009f7c        0x8 C:/devkitPro/devkitPPC/bin/../lib/gcc/powerpc-eabi/15.1.0/../../../../powerpc-eabi/lib\libstdc++.a(stdexcept.o)
                0x02009f7c                _ZNKSt11logic_error4whatEv
                0x02009f7c                _ZNKSt13runtime_error4whatEv
 .text._ZNSt11logic_errorD2Ev
                0x02009f84       0xcc C:/devkitPro/devkitPPC/bin/../lib/gcc/powerpc-eabi/15.1.0/../../../../powerpc-eabi/lib\libstdc++.a(stdexcept.o)
                0x02009f84                _ZNSt11logic_errorD1Ev
                0x02009f84                _ZNSt11logic_errorD2Ev
 .text._ZNSt13runtime_errorD2Ev
                0x0200a050       0xcc C:/devkitPro/devkitPPC/bin/../lib/gcc/powerpc-eabi/15.1.0/../../../../powerpc-eabi/lib\libstdc++.a(stdexcept.o)
                0x0200a050                _ZNSt13runtime_errorD2Ev
                0x0200a050                _ZNSt13runtime_errorD1Ev
 .text._ZNSt13runtime_errorD0Ev
                0x0200a11c       0xc8 C:/devkitPro/devkitPPC/bin/../lib/gcc/powerpc-eabi/15.1.0/../../../../powerpc-eabi/lib\libstdc++.a(stdexcept.o)
                0x0200a11c                _ZNSt13runtime_errorD0Ev
 .text._ZNSt12length_errorD2Ev
                0x0200a1e4       0xcc C:/devkitPro/devkitPPC/bin/../lib/gcc/powerpc-eabi/15.1.0/../../../../powerpc-eabi/lib\libstdc++.a(stdexcept.o)
                0x0200a1e4                _ZNSt12length_errorD1Ev
                0x0200a1e4                _ZNSt12length_errorD2Ev
 .text._ZNSt12out_of_rangeD2Ev
                0x0200a2b0       0xcc C:/devkitPro/devkitPPC/bin/../lib/gcc/powerpc-eabi/15.1.0/../../../../powerpc-eabi/lib\libstdc++.a(stdexcept.o)
                0x0200a2b0                _ZNSt12out_of_rangeD2Ev
                0x0200a2b0                _ZNSt12out_of_rangeD1Ev
 .text._ZNSt11logic_errorD0Ev
                0x0200a37c       0xc8 C:/devkitPro/devkitPPC/bin/../lib/gcc/powerpc-eabi/15.1.0/../../../../powerpc-eabi/lib\libstdc++.a(stdexcept.o)
                0x0200a37c                _ZNSt11logic_errorD0Ev
 .text._ZNSt12length_errorD0Ev
                0x0200a444       0xc8 C:/devkitPro/devkitPPC/bin/../lib/gcc/powerpc-eabi/15.1.0/../../../../powerpc-eabi/lib\libstdc++.a(stdexcept.o)
                0x0200a444                _ZNSt12length_errorD0Ev
 .text._ZNSt12out_of_rangeD0Ev
                0x0200a50c       0xc8 C:/devkitPro/devkitPPC/bin/../lib/gcc/powerpc-eabi/15.1.0/../../../../powerpc-eabi/lib\libstdc++.a(stdexcept.o)
                0x0200a50c                _ZNSt12out_of_rangeD0Ev
 .text._ZSt18_Rb_tree_incrementPSt18_Rb_tree_node_base
                0x0200a5d4       0x6c C:/devkitPro/devkitPPC/bin/../lib/gcc/powerpc-eabi/15.1.0/../../../../powerpc-eabi/lib\libstdc++.a(tree.o)
                0x0200a5d4                _ZSt18_Rb_tree_incrementPSt18_Rb_tree_node_base
 .text._ZSt18_Rb_tree_decrementPSt18_Rb_tree_node_base
                0x0200a640       0x94 C:/devkitPro/devkitPPC/bin/../lib/gcc/powerpc-eabi/15.1.0/../../../../powerpc-eabi/lib\libstdc++.a(tree.o)
                0x0200a640                _ZSt18_Rb_tree_decrementPSt18_Rb_tree_node_base
 .text._ZSt29_Rb_tree_insert_and_rebalancebPSt18_Rb_tree_node_baseS0_RS_
                0x0200a6d4      0x2d8 C:/devkitPro/devkitPPC/bin/../lib/gcc/powerpc-eabi/15.1.0/../../../../powerpc-eabi/lib\libstdc++.a(tree.o)
                0x0200a6d4                _ZSt29_Rb_tree_insert_and_rebalancebPSt18_Rb_tree_node_baseS0_RS_
 .text._ZNSt11logic_errorC2EPKc
                0x0200a9ac      0x114 C:/devkitPro/devkitPPC/bin/../lib/gcc/powerpc-eabi/15.1.0/../../../../powerpc-eabi/lib\libstdc++.a(cow-stdexcept.o)
                0x0200a9ac                _ZNSt11logic_errorC2EPKc
                0x0200a9ac                _ZNSt11logic_errorC1EPKc
 .text._ZNSt12length_errorC2EPKc
                0x0200aac0       0x38 C:/devkitPro/devkitPPC/bin/../lib/gcc/powerpc-eabi/15.1.0/../../../../powerpc-eabi/lib\libstdc++.a(cow-stdexcept.o)
                0x0200aac0                _ZNSt12length_errorC1EPKc
                0x0200aac0                _ZNSt12length_errorC2EPKc
 .text._ZNSt12out_of_rangeC2EPKc
                0x0200aaf8       0x38 C:/devkitPro/devkitPPC/bin/../lib/gcc/powerpc-eabi/15.1.0/../../../../powerpc-eabi/lib\libstdc++.a(cow-stdexcept.o)
                0x0200aaf8                _ZNSt12out_of_rangeC1EPKc
                0x0200aaf8                _ZNSt12out_of_rangeC2EPKc
 .text._ZNSt13runtime_errorC2EPKc
                0x0200ab30      0x114 C:/devkitPro/devkitPPC/bin/../lib/gcc/powerpc-eabi/15.1.0/../../../../powerpc-eabi/lib\libstdc++.a(cow-stdexcept.o)
                0x0200ab30                _ZNSt13runtime_errorC2EPKc
                0x0200ab30                _ZNSt13runtime_errorC1EPKc
 .text._ZNSt12__cow_stringC2EPKcj
                0x0200ac44       0xf4 C:/devkitPro/devkitPPC/bin/../lib/gcc/powerpc-eabi/15.1.0/../../../../powerpc-eabi/lib\libstdc++.a(cow-stdexcept.o)
                0x0200ac44                _ZNSt12__cow_stringC1EPKcj
                0x0200ac44                _ZNSt12__cow_stringC2EPKcj
 .text._ZNSs4_Rep9_S_createEjjRKSaIcE
                0x0200ad38       0xdc C:/devkitPro/devkitPPC/bin/../lib/gcc/powerpc-eabi/15.1.0/../../../../powerpc-eabi/lib\libstdc++.a(cow-string-inst.o)
                0x0200ad38                _ZNSs4_Rep9_S_createEjjRKSaIcE
 .text._ZNSs4_Rep10_M_destroyERKSaIcE
                0x0200ae14        0x4 C:/devkitPro/devkitPPC/bin/../lib/gcc/powerpc-eabi/15.1.0/../../../../powerpc-eabi/lib\libstdc++.a(cow-string-inst.o)
                0x0200ae14                _ZNSs4_Rep10_M_destroyERKSaIcE
 .text._ZNSt13runtime_errorC2ERKNSt7__cxx1112basic_stringIcSt11char_traitsIcESaIcEEE
                0x0200ae18       0x5c C:/devkitPro/devkitPPC/bin/../lib/gcc/powerpc-eabi/15.1.0/../../../../powerpc-eabi/lib\libstdc++.a(cxx11-stdexcept.o)
                0x0200ae18                _ZNSt13runtime_errorC1ERKNSt7__cxx1112basic_stringIcSt11char_traitsIcESaIcEEE
                0x0200ae18                _ZNSt13runtime_errorC2ERKNSt7__cxx1112basic_stringIcSt11char_traitsIcESaIcEEE
 .text._ZNKSt9bad_alloc4whatEv
                0x0200ae74        0xc C:/devkitPro/devkitPPC/bin/../lib/gcc/powerpc-eabi/15.1.0/../../../../powerpc-eabi/lib\libstdc++.a(bad_alloc.o)
                0x0200ae74                _ZNKSt9bad_alloc4whatEv
 .text._ZNSt9bad_allocD2Ev
                0x0200ae80       0x10 C:/devkitPro/devkitPPC/bin/../lib/gcc/powerpc-eabi/15.1.0/../../../../powerpc-eabi/lib\libstdc++.a(bad_alloc.o)
                0x0200ae80                _ZNSt9bad_allocD2Ev
                0x0200ae80                _ZNSt9bad_allocD1Ev
 .text._ZNSt9bad_allocD0Ev
                0x0200ae90       0x40 C:/devkitPro/devkitPPC/bin/../lib/gcc/powerpc-eabi/15.1.0/../../../../powerpc-eabi/lib\libstdc++.a(bad_alloc.o)
                0x0200ae90                _ZNSt9bad_allocD0Ev
 .text._ZdlPv   0x0200aed0        0x4 C:/devkitPro/devkitPPC/bin/../lib/gcc/powerpc-eabi/15.1.0/../../../../powerpc-eabi/lib\libstdc++.a(del_op.o)
                0x0200aed0                _ZdlPv
 .text.__cxa_begin_catch
                0x0200aed4       0xc8 C:/devkitPro/devkitPPC/bin/../lib/gcc/powerpc-eabi/15.1.0/../../../../powerpc-eabi/lib\libstdc++.a(eh_catch.o)
                0x0200aed4                __cxa_begin_catch
 .text.__cxa_end_catch
                0x0200af9c       0xc0 C:/devkitPro/devkitPPC/bin/../lib/gcc/powerpc-eabi/15.1.0/../../../../powerpc-eabi/lib\libstdc++.a(eh_catch.o)
                0x0200af9c                __cxa_end_catch
 .text._ZL15eh_globals_dtorPv
                0x0200b05c       0x68 C:/devkitPro/devkitPPC/bin/../lib/gcc/powerpc-eabi/15.1.0/../../../../powerpc-eabi/lib\libstdc++.a(eh_globals.o)
 .text.__cxa_get_globals_fast
                0x0200b0c4       0x4c C:/devkitPro/devkitPPC/bin/../lib/gcc/powerpc-eabi/15.1.0/../../../../powerpc-eabi/lib\libstdc++.a(eh_globals.o)
                0x0200b0c4                __cxa_get_globals_fast
 .text.__cxa_get_globals
                0x0200b110       0xa0 C:/devkitPro/devkitPPC/bin/../lib/gcc/powerpc-eabi/15.1.0/../../../../powerpc-eabi/lib\libstdc++.a(eh_globals.o)
                0x0200b110                __cxa_get_globals
 .text._ZSt15get_new_handlerv
                0x0200b1b0       0x18 C:/devkitPro/devkitPPC/bin/../lib/gcc/powerpc-eabi/15.1.0/../../../../powerpc-eabi/lib\libstdc++.a(new_handler.o)
                0x0200b1b0                _ZSt15get_new_handlerv
 .text.__divdi3
                0x0200b1c8      0x428 C:/devkitPro/devkitPPC/bin/../lib/gcc/powerpc-eabi/15.1.0\libgcc.a(_divdi3.o)
                0x0200b1c8                __divdi3
 .text.__udivdi3
                0x0200b5f0      0x3cc C:/devkitPro/devkitPPC/bin/../lib/gcc/powerpc-eabi/15.1.0\libgcc.a(_udivdi3.o)
                0x0200b5f0                __udivdi3
 .text.__gthread_active_p
                0x0200b9bc       0x1c C:/devkitPro/devkitPPC/bin/../lib/gcc/powerpc-eabi/15.1.0\libgcc.a(gthr-dkp.o)
                0x0200b9bc                __gthread_active_p
 .text.__gthread_once
                0x0200b9d8       0x1c C:/devkitPro/devkitPPC/bin/../lib/gcc/powerpc-eabi/15.1.0\libgcc.a(gthr-dkp.o)
                0x0200b9d8                __gthread_once
 .text.__gthread_key_create
                0x0200b9f4       0x1c C:/devkitPro/devkitPPC/bin/../lib/gcc/powerpc-eabi/15.1.0\libgcc.a(gthr-dkp.o)
                0x0200b9f4                __gthread_key_create
 .text.__gthread_key_delete
                0x0200ba10       0x44 C:/devkitPro/devkitPPC/bin/../lib/gcc/powerpc-eabi/15.1.0\libgcc.a(gthr-dkp.o)
                0x0200ba10                __gthread_key_delete
 .text.__gthread_getspecific
                0x0200ba54       0x44 C:/devkitPro/devkitPPC/bin/../lib/gcc/powerpc-eabi/15.1.0\libgcc.a(gthr-dkp.o)
                0x0200ba54                __gthread_getspecific
 .text.__gthread_setspecific
                0x0200ba98       0x44 C:/devkitPro/devkitPPC/bin/../lib/gcc/powerpc-eabi/15.1.0\libgcc.a(gthr-dkp.o)
                0x0200ba98                __gthread_setspecific
 .text.__gthread_mutex_init_function
                0x0200badc       0x14 C:/devkitPro/devkitPPC/bin/../lib/gcc/powerpc-eabi/15.1.0\libgcc.a(gthr-dkp.o)
                0x0200badc                __gthread_mutex_init_function
 .text.__gthread_mutex_destroy
                0x0200baf0       0x1c C:/devkitPro/devkitPPC/bin/../lib/gcc/powerpc-eabi/15.1.0\libgcc.a(gthr-dkp.o)
                0x0200baf0                __gthread_mutex_destroy
 .text.__gthread_mutex_lock
                0x0200bb0c       0x1c C:/devkitPro/devkitPPC/bin/../lib/gcc/powerpc-eabi/15.1.0\libgcc.a(gthr-dkp.o)
                0x0200bb0c                __gthread_mutex_lock
 .text.__gthread_mutex_unlock
                0x0200bb28       0x1c C:/devkitPro/devkitPPC/bin/../lib/gcc/powerpc-eabi/15.1.0\libgcc.a(gthr-dkp.o)
                0x0200bb28                __gthread_mutex_unlock
 .text.init_dwarf_reg_size_table
                0x0200bb44      0x1d0 C:/devkitPro/devkitPPC/bin/../lib/gcc/powerpc-eabi/15.1.0\libgcc.a(unwind-dw2.o)
 .text.uw_install_context_1
                0x0200bd14      0x1fc C:/devkitPro/devkitPPC/bin/../lib/gcc/powerpc-eabi/15.1.0\libgcc.a(unwind-dw2.o)
 .text.read_encoded_value
                0x0200bf10      0x18c C:/devkitPro/devkitPPC/bin/../lib/gcc/powerpc-eabi/15.1.0\libgcc.a(unwind-dw2.o)
 .text.execute_stack_op
                0x0200c09c      0x870 C:/devkitPro/devkitPPC/bin/../lib/gcc/powerpc-eabi/15.1.0\libgcc.a(unwind-dw2.o)
 .text.uw_update_context_1
                0x0200c90c      0x390 C:/devkitPro/devkitPPC/bin/../lib/gcc/powerpc-eabi/15.1.0\libgcc.a(unwind-dw2.o)
 .text.execute_cfa_program_specialized
                0x0200cc9c      0x954 C:/devkitPro/devkitPPC/bin/../lib/gcc/powerpc-eabi/15.1.0\libgcc.a(unwind-dw2.o)
 .text.execute_cfa_program_generic
                0x0200d5f0      0x9bc C:/devkitPro/devkitPPC/bin/../lib/gcc/powerpc-eabi/15.1.0\libgcc.a(unwind-dw2.o)
 .text.uw_frame_state_for
                0x0200dfac      0x4d8 C:/devkitPro/devkitPPC/bin/../lib/gcc/powerpc-eabi/15.1.0\libgcc.a(unwind-dw2.o)
 .text.uw_init_context_1
                0x0200e484      0x2d0 C:/devkitPro/devkitPPC/bin/../lib/gcc/powerpc-eabi/15.1.0\libgcc.a(unwind-dw2.o)
 .text._Unwind_RaiseException_Phase2
                0x0200e754      0x1cc C:/devkitPro/devkitPPC/bin/../lib/gcc/powerpc-eabi/15.1.0\libgcc.a(unwind-dw2.o)
 .text._Unwind_ForcedUnwind_Phase2
                0x0200e920      0x1f0 C:/devkitPro/devkitPPC/bin/../lib/gcc/powerpc-eabi/15.1.0\libgcc.a(unwind-dw2.o)
 .text._Unwind_SetGR
                0x0200eb10       0x64 C:/devkitPro/devkitPPC/bin/../lib/gcc/powerpc-eabi/15.1.0\libgcc.a(unwind-dw2.o)
                0x0200eb10                _Unwind_SetGR
 .text._Unwind_GetIPInfo
                0x0200eb74       0x14 C:/devkitPro/devkitPPC/bin/../lib/gcc/powerpc-eabi/15.1.0\libgcc.a(unwind-dw2.o)
                0x0200eb74                _Unwind_GetIPInfo
 .text._Unwind_SetIP
                0x0200eb88        0x8 C:/devkitPro/devkitPPC/bin/../lib/gcc/powerpc-eabi/15.1.0\libgcc.a(unwind-dw2.o)
                0x0200eb88                _Unwind_SetIP
 .text._Unwind_GetLanguageSpecificData
                0x0200eb90        0x8 C:/devkitPro/devkitPPC/bin/../lib/gcc/powerpc-eabi/15.1.0\libgcc.a(unwind-dw2.o)
                0x0200eb90                _Unwind_GetLanguageSpecificData
 .text._Unwind_GetRegionStart
                0x0200eb98        0x8 C:/devkitPro/devkitPPC/bin/../lib/gcc/powerpc-eabi/15.1.0\libgcc.a(unwind-dw2.o)
                0x0200eb98                _Unwind_GetRegionStart
 .text._Unwind_GetDataRelBase
                0x0200eba0        0x8 C:/devkitPro/devkitPPC/bin/../lib/gcc/powerpc-eabi/15.1.0\libgcc.a(unwind-dw2.o)
                0x0200eba0                _Unwind_GetDataRelBase
 .text._Unwind_GetTextRelBase
                0x0200eba8        0x8 C:/devkitPro/devkitPPC/bin/../lib/gcc/powerpc-eabi/15.1.0\libgcc.a(unwind-dw2.o)
                0x0200eba8                _Unwind_GetTextRelBase
 .text._Unwind_DebugHook
                0x0200ebb0        0x4 C:/devkitPro/devkitPPC/bin/../lib/gcc/powerpc-eabi/15.1.0\libgcc.a(unwind-dw2.o)
 .text._Unwind_RaiseException
                0x0200ebb4      0x38c C:/devkitPro/devkitPPC/bin/../lib/gcc/powerpc-eabi/15.1.0\libgcc.a(unwind-dw2.o)
                0x0200ebb4                _Unwind_RaiseException
 .text._Unwind_Resume
                0x0200ef40      0x1dc C:/devkitPro/devkitPPC/bin/../lib/gcc/powerpc-eabi/15.1.0\libgcc.a(unwind-dw2.o)
                0x0200ef40                _Unwind_Resume
 .text._Unwind_Resume_or_Rethrow
                0x0200f11c      0x288 C:/devkitPro/devkitPPC/bin/../lib/gcc/powerpc-eabi/15.1.0\libgcc.a(unwind-dw2.o)
                0x0200f11c                _Unwind_Resume_or_Rethrow
 .text._Unwind_DeleteException
                0x0200f3a4       0x1c C:/devkitPro/devkitPPC/bin/../lib/gcc/powerpc-eabi/15.1.0\libgcc.a(unwind-dw2.o)
                0x0200f3a4                _Unwind_DeleteException
 .text.fde_unencoded_compare
                0x0200f3c0       0x20 C:/devkitPro/devkitPPC/bin/../lib/gcc/powerpc-eabi/15.1.0\libgcc.a(unwind-dw2-fde.o)
 .text.fde_unencoded_extract
                0x0200f3e0       0x74 C:/devkitPro/devkitPPC/bin/../lib/gcc/powerpc-eabi/15.1.0\libgcc.a(unwind-dw2-fde.o)
 .text.frame_downheap
                0x0200f454      0x110 C:/devkitPro/devkitPPC/bin/../lib/gcc/powerpc-eabi/15.1.0\libgcc.a(unwind-dw2-fde.o)
 .text.init_object_mutex
                0x0200f564        0xc C:/devkitPro/devkitPPC/bin/../lib/gcc/powerpc-eabi/15.1.0\libgcc.a(unwind-dw2-fde.o)
 .text.read_encoded_value_with_base
                0x0200f570      0x13c C:/devkitPro/devkitPPC/bin/../lib/gcc/powerpc-eabi/15.1.0\libgcc.a(unwind-dw2-fde.o)
 .text.fde_radixsort
                0x0200f6ac      0x2a4 C:/devkitPro/devkitPPC/bin/../lib/gcc/powerpc-eabi/15.1.0\libgcc.a(unwind-dw2-fde.o)
 .text.__deregister_frame_info_bases.part.0
                0x0200f950      0x12c C:/devkitPro/devkitPPC/bin/../lib/gcc/powerpc-eabi/15.1.0\libgcc.a(unwind-dw2-fde.o)
 .text.get_cie_encoding
                0x0200fa7c      0x158 C:/devkitPro/devkitPPC/bin/../lib/gcc/powerpc-eabi/15.1.0\libgcc.a(unwind-dw2-fde.o)
 .text.fde_mixed_encoding_extract
                0x0200fbd4       0xfc C:/devkitPro/devkitPPC/bin/../lib/gcc/powerpc-eabi/15.1.0\libgcc.a(unwind-dw2-fde.o)
 .text.classify_object_over_fdes.constprop.0
                0x0200fcd0      0x20c C:/devkitPro/devkitPPC/bin/../lib/gcc/powerpc-eabi/15.1.0\libgcc.a(unwind-dw2-fde.o)
 .text.fde_single_encoding_extract
                0x0200fedc      0x108 C:/devkitPro/devkitPPC/bin/../lib/gcc/powerpc-eabi/15.1.0\libgcc.a(unwind-dw2-fde.o)
 .text.fde_single_encoding_compare
                0x0200ffe4       0xd0 C:/devkitPro/devkitPPC/bin/../lib/gcc/powerpc-eabi/15.1.0\libgcc.a(unwind-dw2-fde.o)
 .text.fde_mixed_encoding_compare
                0x020100b4      0x150 C:/devkitPro/devkitPPC/bin/../lib/gcc/powerpc-eabi/15.1.0\libgcc.a(unwind-dw2-fde.o)
 .text.add_fdes.isra.0
                0x02010204      0x2c0 C:/devkitPro/devkitPPC/bin/../lib/gcc/powerpc-eabi/15.1.0\libgcc.a(unwind-dw2-fde.o)
 .text.linear_search_fdes
                0x020104c4      0x360 C:/devkitPro/devkitPPC/bin/../lib/gcc/powerpc-eabi/15.1.0\libgcc.a(unwind-dw2-fde.o)
 .text.search_object
                0x02010824      0x6e4 C:/devkitPro/devkitPPC/bin/../lib/gcc/powerpc-eabi/15.1.0\libgcc.a(unwind-dw2-fde.o)
 .text.__register_frame_info
                0x02010f08       0xa0 C:/devkitPro/devkitPPC/bin/../lib/gcc/powerpc-eabi/15.1.0\libgcc.a(unwind-dw2-fde.o)
                0x02010f08                __register_frame_info
 .text.__deregister_frame_info
                0x02010fa8       0x20 C:/devkitPro/devkitPPC/bin/../lib/gcc/powerpc-eabi/15.1.0\libgcc.a(unwind-dw2-fde.o)
                0x02010fa8                __deregister_frame_info
 .text._Unwind_Find_FDE
                0x02010fc8      0x260 C:/devkitPro/devkitPPC/bin/../lib/gcc/powerpc-eabi/15.1.0\libgcc.a(unwind-dw2-fde.o)
                0x02010fc8                _Unwind_Find_FDE
 .text.chdir    0x02011228      0x1b8 C:/devkitPro/devkitPPC/bin/../lib/gcc/powerpc-eabi/15.1.0/../../../../powerpc-eabi/lib\libsysbase.a(libsysbase_libsysbase_a-chdir.o)
                0x02011228                chdir
 .text._concatenate_path
                0x020113e0      0x27c C:/devkitPro/devkitPPC/bin/../lib/gcc/powerpc-eabi/15.1.0/../../../../powerpc-eabi/lib\libsysbase.a(libsysbase_libsysbase_a-concatenate.o)
                0x020113e0                _concatenate_path
 .text.__release_handle
                0x0201165c       0xe4 C:/devkitPro/devkitPPC/bin/../lib/gcc/powerpc-eabi/15.1.0/../../../../powerpc-eabi/lib\libsysbase.a(libsysbase_libsysbase_a-handle_manager.o)
                0x0201165c                __release_handle
 .text.__alloc_handle
                0x02011740      0x124 C:/devkitPro/devkitPPC/bin/../lib/gcc/powerpc-eabi/15.1.0/../../../../powerpc-eabi/lib\libsysbase.a(libsysbase_libsysbase_a-handle_manager.o)
                0x02011740                __alloc_handle
 .text.__get_handle
                0x02011864       0x90 C:/devkitPro/devkitPPC/bin/../lib/gcc/powerpc-eabi/15.1.0/../../../../powerpc-eabi/lib\libsysbase.a(libsysbase_libsysbase_a-handle_manager.o)
                0x02011864                __get_handle
 .text._close_r
                0x020118f4      0x180 C:/devkitPro/devkitPPC/bin/../lib/gcc/powerpc-eabi/15.1.0/../../../../powerpc-eabi/lib\libsysbase.a(libsysbase_libsysbase_a-handle_manager.o)
                0x020118f4                _close_r
 .text.null_write
                0x02011a74        0x8 C:/devkitPro/devkitPPC/bin/../lib/gcc/powerpc-eabi/15.1.0/../../../../powerpc-eabi/lib\libsysbase.a(libsysbase_libsysbase_a-iosupport.o)
 .text.setDefaultDevice
                0x02011a7c       0x18 C:/devkitPro/devkitPPC/bin/../lib/gcc/powerpc-eabi/15.1.0/../../../../powerpc-eabi/lib\libsysbase.a(libsysbase_libsysbase_a-iosupport.o)
                0x02011a7c                setDefaultDevice
 .text.FindDevice
                0x02011a94      0x150 C:/devkitPro/devkitPPC/bin/../lib/gcc/powerpc-eabi/15.1.0/../../../../powerpc-eabi/lib\libsysbase.a(libsysbase_libsysbase_a-iosupport.o)
                0x02011a94                FindDevice
 .text.RemoveDevice
                0x02011be4       0x44 C:/devkitPro/devkitPPC/bin/../lib/gcc/powerpc-eabi/15.1.0/../../../../powerpc-eabi/lib\libsysbase.a(libsysbase_libsysbase_a-iosupport.o)
                0x02011be4                RemoveDevice
 .text.AddDevice
                0x02011c28      0x120 C:/devkitPro/devkitPPC/bin/../lib/gcc/powerpc-eabi/15.1.0/../../../../powerpc-eabi/lib\libsysbase.a(libsysbase_libsysbase_a-iosupport.o)
                0x02011c28                AddDevice
 .text.__libc_lock_init
                0x02011d48       0x14 C:/devkitPro/devkitPPC/bin/../lib/gcc/powerpc-eabi/15.1.0/../../../../powerpc-eabi/lib\libsysbase.a(libsysbase_libsysbase_a-syscall_support.o)
                0x02011d48                __libc_lock_init
 .text.__libc_lock_acquire
                0x02011d5c       0x14 C:/devkitPro/devkitPPC/bin/../lib/gcc/powerpc-eabi/15.1.0/../../../../powerpc-eabi/lib\libsysbase.a(libsysbase_libsysbase_a-syscall_support.o)
                0x02011d5c                __libc_lock_acquire
 .text.__libc_lock_release
                0x02011d70       0x14 C:/devkitPro/devkitPPC/bin/../lib/gcc/powerpc-eabi/15.1.0/../../../../powerpc-eabi/lib\libsysbase.a(libsysbase_libsysbase_a-syscall_support.o)
                0x02011d70                __libc_lock_release
 .text.__libc_lock_init_recursive
                0x02011d84       0x14 C:/devkitPro/devkitPPC/bin/../lib/gcc/powerpc-eabi/15.1.0/../../../../powerpc-eabi/lib\libsysbase.a(libsysbase_libsysbase_a-syscall_support.o)
                0x02011d84                __libc_lock_init_recursive
 .text.strncpy  0x02011d98      0x104 C:/devkitPro/devkitPPC/bin/../lib/gcc/powerpc-eabi/15.1.0/../../../../powerpc-eabi/lib\libc.a(libc_a-strncpy.o)
                0x02011d98                strncpy
 .text.strcmp   0x02011e9c       0x9c C:/devkitPro/devkitPPC/bin/../lib/gcc/powerpc-eabi/15.1.0/../../../../powerpc-eabi/lib\libc.a(libc_a-strcmp.o)
                0x02011e9c                strcmp
 .text.getenv   0x02011f38       0x38 C:/devkitPro/devkitPPC/bin/../lib/gcc/powerpc-eabi/15.1.0/../../../../powerpc-eabi/lib\libc.a(libc_a-getenv.o)
                0x02011f38                getenv
 .text.memset   0x02011f70      0x180 C:/devkitPro/devkitPPC/bin/../lib/gcc/powerpc-eabi/15.1.0/../../../../powerpc-eabi/lib\libc.a(libc_a-memset.o)
                0x02011f70                memset
 .text._vsnprintf_r
                0x020120f0       0xd8 C:/devkitPro/devkitPPC/bin/../lib/gcc/powerpc-eabi/15.1.0/../../../../powerpc-eabi/lib\libc.a(libc_a-vsnprintf.o)
                0x020120f0                _vsnprintf_r
 .text.vsnprintf
                0x020121c8       0x60 C:/devkitPro/devkitPPC/bin/../lib/gcc/powerpc-eabi/15.1.0/../../../../powerpc-eabi/lib\libc.a(libc_a-vsnprintf.o)
                0x020121c8                vsnprintf
 .text.strdup   0x02012228       0x30 C:/devkitPro/devkitPPC/bin/../lib/gcc/powerpc-eabi/15.1.0/../../../../powerpc-eabi/lib\libc.a(libc_a-strdup.o)
                0x02012228                strdup
 .text.strchr   0x02012258      0x154 C:/devkitPro/devkitPPC/bin/../lib/gcc/powerpc-eabi/15.1.0/../../../../powerpc-eabi/lib\libc.a(libc_a-strchr.o)
                0x02012258                strchr
 .text.get_arg  0x020123ac      0x7bc C:/devkitPro/devkitPPC/bin/../lib/gcc/powerpc-eabi/15.1.0/../../../../powerpc-eabi/lib\libc.a(libc_a-svfprintf.o)
 .text._svfprintf_r
                0x02012b68     0x39f8 C:/devkitPro/devkitPPC/bin/../lib/gcc/powerpc-eabi/15.1.0/../../../../powerpc-eabi/lib\libc.a(libc_a-svfprintf.o)
                0x02012b68                _svfprintf_r
 .text.sscanf   0x02016560       0xdc C:/devkitPro/devkitPPC/bin/../lib/gcc/powerpc-eabi/15.1.0/../../../../powerpc-eabi/lib\libc.a(libc_a-sscanf.o)
                0x02016560                sscanf
 .text.memcpy   0x0201663c      0x148 C:/devkitPro/devkitPPC/bin/../lib/gcc/powerpc-eabi/15.1.0/../../../../powerpc-eabi/lib\libc.a(libc_a-memcpy.o)
                0x0201663c                memcpy
 .text._strtoul_l.isra.0
                0x02016784      0x218 C:/devkitPro/devkitPPC/bin/../lib/gcc/powerpc-eabi/15.1.0/../../../../powerpc-eabi/lib\libc.a(libc_a-strtoul.o)
 .text._strtoul_r
                0x0201699c       0x60 C:/devkitPro/devkitPPC/bin/../lib/gcc/powerpc-eabi/15.1.0/../../../../powerpc-eabi/lib\libc.a(libc_a-strtoul.o)
                0x0201699c                _strtoul_r
 .text.strtoul  0x020169fc       0x64 C:/devkitPro/devkitPPC/bin/../lib/gcc/powerpc-eabi/15.1.0/../../../../powerpc-eabi/lib\libc.a(libc_a-strtoul.o)
                0x020169fc                strtoul
 .text.strncmp  0x02016a60       0xc8 C:/devkitPro/devkitPPC/bin/../lib/gcc/powerpc-eabi/15.1.0/../../../../powerpc-eabi/lib\libc.a(libc_a-strncmp.o)
                0x02016a60                strncmp
 .text._wcrtomb_r
                0x02016b28      0x104 C:/devkitPro/devkitPPC/bin/../lib/gcc/powerpc-eabi/15.1.0/../../../../powerpc-eabi/lib\libc.a(libc_a-wcrtomb.o)
                0x02016b28                _wcrtomb_r
 .text.memmove  0x02016c2c      0x1b8 C:/devkitPro/devkitPPC/bin/../lib/gcc/powerpc-eabi/15.1.0/../../../../powerpc-eabi/lib\libc.a(libc_a-memmove.o)
                0x02016c2c                memmove
 .text.calloc   0x02016de4       0x40 C:/devkitPro/devkitPPC/bin/../lib/gcc/powerpc-eabi/15.1.0/../../../../powerpc-eabi/lib\libc.a(libc_a-calloc.o)
                0x02016de4                calloc
 .text._reclaim_reent
                0x02016e24      0x10c C:/devkitPro/devkitPPC/bin/../lib/gcc/powerpc-eabi/15.1.0/../../../../powerpc-eabi/lib\libc.a(libc_a-reent.o)
                0x02016e24                _reclaim_reent
 .text.strlen   0x02016f30       0x80 C:/devkitPro/devkitPPC/bin/../lib/gcc/powerpc-eabi/15.1.0/../../../../powerpc-eabi/lib\libc.a(libc_a-strlen.o)
                0x02016f30                strlen
 .text._strdup_r
                0x02016fb0       0x70 C:/devkitPro/devkitPPC/bin/../lib/gcc/powerpc-eabi/15.1.0/../../../../powerpc-eabi/lib\libc.a(libc_a-strdup_r.o)
                0x02016fb0                _strdup_r
 .text.quorem   0x02017020      0x340 C:/devkitPro/devkitPPC/bin/../lib/gcc/powerpc-eabi/15.1.0/../../../../powerpc-eabi/lib\libc.a(libc_a-dtoa.o)
 .text._dtoa_r  0x02017360     0x1704 C:/devkitPro/devkitPPC/bin/../lib/gcc/powerpc-eabi/15.1.0/../../../../powerpc-eabi/lib\libc.a(libc_a-dtoa.o)
                0x02017360                _dtoa_r
 .text.get_arg  0x02018a64       0xb4 C:/devkitPro/devkitPPC/bin/../lib/gcc/powerpc-eabi/15.1.0/../../../../powerpc-eabi/lib\libc.a(libc_a-svfscanf.o)
 .text.__ssvfscanf_r
                0x02018b18     0x2ff4 C:/devkitPro/devkitPPC/bin/../lib/gcc/powerpc-eabi/15.1.0/../../../../powerpc-eabi/lib\libc.a(libc_a-svfscanf.o)
                0x02018b18                __ssvfscanf_r
 .text.memcmp   0x0201bb0c      0x124 C:/devkitPro/devkitPPC/bin/../lib/gcc/powerpc-eabi/15.1.0/../../../../powerpc-eabi/lib\libc.a(libc_a-memcmp.o)
                0x0201bb0c                memcmp
 .text._strtol_l.isra.0
                0x0201bc30      0x260 C:/devkitPro/devkitPPC/bin/../lib/gcc/powerpc-eabi/15.1.0/../../../../powerpc-eabi/lib\libc.a(libc_a-strtol.o)
 .text._strtol_r
                0x0201be90       0x60 C:/devkitPro/devkitPPC/bin/../lib/gcc/powerpc-eabi/15.1.0/../../../../powerpc-eabi/lib\libc.a(libc_a-strtol.o)
                0x0201be90                _strtol_r
 .text.close    0x0201bef0       0x30 C:/devkitPro/devkitPPC/bin/../lib/gcc/powerpc-eabi/15.1.0/../../../../powerpc-eabi/lib\libc.a(libc_a-sysclose.o)
                0x0201bef0                close
 .text.strrchr  0x0201bf20       0x78 C:/devkitPro/devkitPPC/bin/../lib/gcc/powerpc-eabi/15.1.0/../../../../powerpc-eabi/lib\libc.a(libc_a-strrchr.o)
                0x0201bf20                strrchr
 .text.strcpy   0x0201bf98       0x8c C:/devkitPro/devkitPPC/bin/../lib/gcc/powerpc-eabi/15.1.0/../../../../powerpc-eabi/lib\libc.a(libc_a-strcpy.o)
                0x0201bf98                strcpy
 .text.stpncpy  0x0201c024      0x118 C:/devkitPro/devkitPPC/bin/../lib/gcc/powerpc-eabi/15.1.0/../../../../powerpc-eabi/lib\libc.a(libc_a-stpncpy.o)
                0x0201c024                stpncpy
 .text.__errno  0x0201c13c       0x20 C:/devkitPro/devkitPPC/bin/../lib/gcc/powerpc-eabi/15.1.0/../../../../powerpc-eabi/lib\libc.a(libc_a-errno.o)
                0x0201c13c                __errno
 .text.malloc   0x0201c15c       0x58 C:/devkitPro/devkitPPC/bin/../lib/gcc/powerpc-eabi/15.1.0/../../../../powerpc-eabi/lib\libc.a(libc_a-malloc.o)
                0x0201c15c                malloc
 .text.free     0x0201c1b4       0x30 C:/devkitPro/devkitPPC/bin/../lib/gcc/powerpc-eabi/15.1.0/../../../../powerpc-eabi/lib\libc.a(libc_a-malloc.o)
                0x0201c1b4                free
 .text.iswspace
                0x0201c1e4        0x8 C:/devkitPro/devkitPPC/bin/../lib/gcc/powerpc-eabi/15.1.0/../../../../powerpc-eabi/lib\libc.a(libc_a-iswspace.o)
                0x0201c1e4                iswspace
 .text._mbrtowc_r
                0x0201c1ec      0x120 C:/devkitPro/devkitPPC/bin/../lib/gcc/powerpc-eabi/15.1.0/../../../../powerpc-eabi/lib\libc.a(libc_a-mbrtowc.o)
                0x0201c1ec                _mbrtowc_r
 .text._findenv_r
                0x0201c30c      0x13c C:/devkitPro/devkitPPC/bin/../lib/gcc/powerpc-eabi/15.1.0/../../../../powerpc-eabi/lib\libc.a(libc_a-getenv_r.o)
                0x0201c30c                _findenv_r
 .text.snprintf
                0x0201c448      0x130 C:/devkitPro/devkitPPC/bin/../lib/gcc/powerpc-eabi/15.1.0/../../../../powerpc-eabi/lib\libc.a(libc_a-snprintf.o)
                0x0201c448                snprintf
 .text.memchr   0x0201c578      0x148 C:/devkitPro/devkitPPC/bin/../lib/gcc/powerpc-eabi/15.1.0/../../../../powerpc-eabi/lib\libc.a(libc_a-memchr.o)
                0x0201c578                memchr
 .text.__ssprint_r
                0x0201c6c0      0x10c C:/devkitPro/devkitPPC/bin/../lib/gcc/powerpc-eabi/15.1.0/../../../../powerpc-eabi/lib\libc.a(libc_a-ssprint_r.o)
                0x0201c6c0                __ssprint_r
 .text.strnlen  0x0201c7cc       0xc0 C:/devkitPro/devkitPPC/bin/../lib/gcc/powerpc-eabi/15.1.0/../../../../powerpc-eabi/lib\libc.a(libc_a-strnlen.o)
                0x0201c7cc                strnlen
 .text._sungetc_r
                0x0201c88c       0xf4 C:/devkitPro/devkitPPC/bin/../lib/gcc/powerpc-eabi/15.1.0/../../../../powerpc-eabi/lib\libc.a(libc_a-svfiscanf.o)
                0x0201c88c                _sungetc_r
 .text.__ssrefill_r
                0x0201c980       0x80 C:/devkitPro/devkitPPC/bin/../lib/gcc/powerpc-eabi/15.1.0/../../../../powerpc-eabi/lib\libc.a(libc_a-svfiscanf.o)
                0x0201c980                __ssrefill_r
 .text._sfread_r
                0x0201ca00       0xc8 C:/devkitPro/devkitPPC/bin/../lib/gcc/powerpc-eabi/15.1.0/../../../../powerpc-eabi/lib\libc.a(libc_a-svfiscanf.o)
                0x0201ca00                _sfread_r
 .text.__seofread
                0x0201cac8        0x8 C:/devkitPro/devkitPPC/bin/../lib/gcc/powerpc-eabi/15.1.0/../../../../powerpc-eabi/lib\libc.a(libc_a-stdio.o)
                0x0201cac8                __seofread
 .text.memalign
                0x0201cad0       0x40 C:/devkitPro/devkitPPC/bin/../lib/gcc/powerpc-eabi/15.1.0/../../../../powerpc-eabi/lib\libc.a(libc_a-malign.o)
                0x0201cad0                memalign
 .text.nanf     0x0201cb10        0xc C:/devkitPro/devkitPPC/bin/../lib/gcc/powerpc-eabi/15.1.0/../../../../powerpc-eabi/lib\libc.a(libm_a-sf_nan.o)
                0x0201cb10                nanf
 .text.frexp    0x0201cb1c       0x90 C:/devkitPro/devkitPPC/bin/../lib/gcc/powerpc-eabi/15.1.0/../../../../powerpc-eabi/lib\libc.a(libm_a-s_frexp.o)
                0x0201cb1c                frexp
 .text._strtoll_l.isra.0
                0x0201cbac      0x304 C:/devkitPro/devkitPPC/bin/../lib/gcc/powerpc-eabi/15.1.0/../../../../powerpc-eabi/lib\libc.a(libc_a-strtoll.o)
 .text._strtoll_r
                0x0201ceb0       0x60 C:/devkitPro/devkitPPC/bin/../lib/gcc/powerpc-eabi/15.1.0/../../../../powerpc-eabi/lib\libc.a(libc_a-strtoll.o)
                0x0201ceb0                _strtoll_r
 .text.__env_lock
                0x0201cf10       0x40 C:/devkitPro/devkitPPC/bin/../lib/gcc/powerpc-eabi/15.1.0/../../../../powerpc-eabi/lib\libc.a(libc_a-envlock.o)
                0x0201cf10                __env_lock
 .text.__env_unlock
                0x0201cf50        0xc C:/devkitPro/devkitPPC/bin/../lib/gcc/powerpc-eabi/15.1.0/../../../../powerpc-eabi/lib\libc.a(libc_a-envlock.o)
                0x0201cf50                __env_unlock
 .text._Balloc  0x0201cf5c       0xf4 C:/devkitPro/devkitPPC/bin/../lib/gcc/powerpc-eabi/15.1.0/../../../../powerpc-eabi/lib\libc.a(libc_a-mprec.o)
                0x0201cf5c                _Balloc
 .text._Bfree   0x0201d050       0x24 C:/devkitPro/devkitPPC/bin/../lib/gcc/powerpc-eabi/15.1.0/../../../../powerpc-eabi/lib\libc.a(libc_a-mprec.o)
                0x0201d050                _Bfree
 .text.__multadd
                0x0201d074      0x174 C:/devkitPro/devkitPPC/bin/../lib/gcc/powerpc-eabi/15.1.0/../../../../powerpc-eabi/lib\libc.a(libc_a-mprec.o)
                0x0201d074                __multadd
 .text.__s2b    0x0201d1e8      0x154 C:/devkitPro/devkitPPC/bin/../lib/gcc/powerpc-eabi/15.1.0/../../../../powerpc-eabi/lib\libc.a(libc_a-mprec.o)
                0x0201d1e8                __s2b
 .text.__hi0bits
                0x0201d33c       0x98 C:/devkitPro/devkitPPC/bin/../lib/gcc/powerpc-eabi/15.1.0/../../../../powerpc-eabi/lib\libc.a(libc_a-mprec.o)
                0x0201d33c                __hi0bits
 .text.__lo0bits
                0x0201d3d4      0x10c C:/devkitPro/devkitPPC/bin/../lib/gcc/powerpc-eabi/15.1.0/../../../../powerpc-eabi/lib\libc.a(libc_a-mprec.o)
                0x0201d3d4                __lo0bits
 .text.__i2b    0x0201d4e0      0x108 C:/devkitPro/devkitPPC/bin/../lib/gcc/powerpc-eabi/15.1.0/../../../../powerpc-eabi/lib\libc.a(libc_a-mprec.o)
                0x0201d4e0                __i2b
 .text.__multiply
                0x0201d5e8      0x338 C:/devkitPro/devkitPPC/bin/../lib/gcc/powerpc-eabi/15.1.0/../../../../powerpc-eabi/lib\libc.a(libc_a-mprec.o)
                0x0201d5e8                __multiply
 .text.__pow5mult
                0x0201d920      0x19c C:/devkitPro/devkitPPC/bin/../lib/gcc/powerpc-eabi/15.1.0/../../../../powerpc-eabi/lib\libc.a(libc_a-mprec.o)
                0x0201d920                __pow5mult
 .text.__lshift
                0x0201dabc      0x26c C:/devkitPro/devkitPPC/bin/../lib/gcc/powerpc-eabi/15.1.0/../../../../powerpc-eabi/lib\libc.a(libc_a-mprec.o)
                0x0201dabc                __lshift
 .text.__mcmp   0x0201dd28       0xdc C:/devkitPro/devkitPPC/bin/../lib/gcc/powerpc-eabi/15.1.0/../../../../powerpc-eabi/lib\libc.a(libc_a-mprec.o)
                0x0201dd28                __mcmp
 .text.__mdiff  0x0201de04      0x314 C:/devkitPro/devkitPPC/bin/../lib/gcc/powerpc-eabi/15.1.0/../../../../powerpc-eabi/lib\libc.a(libc_a-mprec.o)
                0x0201de04                __mdiff
 .text.__ulp    0x0201e118       0x94 C:/devkitPro/devkitPPC/bin/../lib/gcc/powerpc-eabi/15.1.0/../../../../powerpc-eabi/lib\libc.a(libc_a-mprec.o)
                0x0201e118                __ulp
 .text.__b2d    0x0201e1ac      0x1a4 C:/devkitPro/devkitPPC/bin/../lib/gcc/powerpc-eabi/15.1.0/../../../../powerpc-eabi/lib\libc.a(libc_a-mprec.o)
                0x0201e1ac                __b2d
 .text.__d2b    0x0201e350      0x194 C:/devkitPro/devkitPPC/bin/../lib/gcc/powerpc-eabi/15.1.0/../../../../powerpc-eabi/lib\libc.a(libc_a-mprec.o)
                0x0201e350                __d2b
 .text.__ratio  0x0201e4e4       0xe8 C:/devkitPro/devkitPPC/bin/../lib/gcc/powerpc-eabi/15.1.0/../../../../powerpc-eabi/lib\libc.a(libc_a-mprec.o)
                0x0201e4e4                __ratio
 .text.__copybits
                0x0201e5cc      0x11c C:/devkitPro/devkitPPC/bin/../lib/gcc/powerpc-eabi/15.1.0/../../../../powerpc-eabi/lib\libc.a(libc_a-mprec.o)
                0x0201e5cc                __copybits
 .text.__any_on
                0x0201e6e8       0xe4 C:/devkitPro/devkitPPC/bin/../lib/gcc/powerpc-eabi/15.1.0/../../../../powerpc-eabi/lib\libc.a(libc_a-mprec.o)
                0x0201e6e8                __any_on
 .text._localeconv_r
                0x0201e7cc       0x4c C:/devkitPro/devkitPPC/bin/../lib/gcc/powerpc-eabi/15.1.0/../../../../powerpc-eabi/lib\libc.a(libc_a-localeconv.o)
                0x0201e7cc                _localeconv_r
 .text.sulp     0x0201e818       0x84 C:/devkitPro/devkitPPC/bin/../lib/gcc/powerpc-eabi/15.1.0/../../../../powerpc-eabi/lib\libc.a(libc_a-strtod.o)
 .text._strtod_l
                0x0201e89c     0x18f0 C:/devkitPro/devkitPPC/bin/../lib/gcc/powerpc-eabi/15.1.0/../../../../powerpc-eabi/lib\libc.a(libc_a-strtod.o)
                0x0201e89c                _strtod_l
 .text._strtod_r
                0x0202018c       0x8c C:/devkitPro/devkitPPC/bin/../lib/gcc/powerpc-eabi/15.1.0/../../../../powerpc-eabi/lib\libc.a(libc_a-strtod.o)
                0x0202018c                _strtod_r
 .text.__sccl   0x02020218      0x16c C:/devkitPro/devkitPPC/bin/../lib/gcc/powerpc-eabi/15.1.0/../../../../powerpc-eabi/lib\libc.a(libc_a-sccl.o)
                0x02020218                __sccl
 .text.__locale_mb_cur_max
                0x02020384       0x4c C:/devkitPro/devkitPPC/bin/../lib/gcc/powerpc-eabi/15.1.0/../../../../powerpc-eabi/lib\libc.a(libc_a-locale.o)
                0x02020384                __locale_mb_cur_max
 .text._wcsrtombs_r
                0x020203d0       0x10 C:/devkitPro/devkitPPC/bin/../lib/gcc/powerpc-eabi/15.1.0/../../../../powerpc-eabi/lib\libc.a(libc_a-wcsrtombs.o)
                0x020203d0                _wcsrtombs_r
 .text.rshift   0x020203e0      0x174 C:/devkitPro/devkitPPC/bin/../lib/gcc/powerpc-eabi/15.1.0/../../../../powerpc-eabi/lib\libc.a(libc_a-gdtoa-gethex.o)
 .text.__gethex
                0x02020554      0x9f8 C:/devkitPro/devkitPPC/bin/../lib/gcc/powerpc-eabi/15.1.0/../../../../powerpc-eabi/lib\libc.a(libc_a-gdtoa-gethex.o)
                0x02020554                __gethex
 .text.__utf8_mbtowc
                0x02020f4c      0x604 C:/devkitPro/devkitPPC/bin/../lib/gcc/powerpc-eabi/15.1.0/../../../../powerpc-eabi/lib\libc.a(libc_a-mbtowc_r.o)
                0x02020f4c                __utf8_mbtowc
 .text.iswspace_l
                0x02021550       0x60 C:/devkitPro/devkitPPC/bin/../lib/gcc/powerpc-eabi/15.1.0/../../../../powerpc-eabi/lib\libc.a(libc_a-iswspace_l.o)
                0x02021550                iswspace_l
 .text._strtoull_l.isra.0
                0x020215b0      0x2f8 C:/devkitPro/devkitPPC/bin/../lib/gcc/powerpc-eabi/15.1.0/../../../../powerpc-eabi/lib\libc.a(libc_a-strtoull.o)
 .text._strtoull_r
                0x020218a8       0x60 C:/devkitPro/devkitPPC/bin/../lib/gcc/powerpc-eabi/15.1.0/../../../../powerpc-eabi/lib\libc.a(libc_a-strtoull.o)
                0x020218a8                _strtoull_r
 .text.__ssputs_r
                0x02021908      0x194 C:/devkitPro/devkitPPC/bin/../lib/gcc/powerpc-eabi/15.1.0/../../../../powerpc-eabi/lib\libc.a(libc_a-ssputs_r.o)
                0x02021908                __ssputs_r
 .text.realloc  0x02021a9c       0x40 C:/devkitPro/devkitPPC/bin/../lib/gcc/powerpc-eabi/15.1.0/../../../../powerpc-eabi/lib\libc.a(libc_a-realloc.o)
                0x02021a9c                realloc
 .text._wcsnrtombs_l
                0x02021adc      0x1e4 C:/devkitPro/devkitPPC/bin/../lib/gcc/powerpc-eabi/15.1.0/../../../../powerpc-eabi/lib\libc.a(libc_a-wcsnrtombs.o)
                0x02021adc                _wcsnrtombs_l
 .text._wcsnrtombs_r
                0x02021cc0       0xd8 C:/devkitPro/devkitPPC/bin/../lib/gcc/powerpc-eabi/15.1.0/../../../../powerpc-eabi/lib\libc.a(libc_a-wcsnrtombs.o)
                0x02021cc0                _wcsnrtombs_r
 .text.sprintf  0x02021d98       0xd0 C:/devkitPro/devkitPPC/bin/../lib/gcc/powerpc-eabi/15.1.0/../../../../powerpc-eabi/lib\libc.a(libc_a-sprintf.o)
                0x02021d98                sprintf
 .text.__utf8_wctomb
                0x02021e68      0x108 C:/devkitPro/devkitPPC/bin/../lib/gcc/powerpc-eabi/15.1.0/../../../../powerpc-eabi/lib\libc.a(libc_a-wctomb_r.o)
                0x02021e68                __utf8_wctomb
 .text.__submore
                0x02021f70       0xe8 C:/devkitPro/devkitPPC/bin/../lib/gcc/powerpc-eabi/15.1.0/../../../../powerpc-eabi/lib\libc.a(libc_a-ungetc.o)
                0x02021f70                __submore
 .text.category
                0x02022058       0xd8 C:/devkitPro/devkitPPC/bin/../lib/gcc/powerpc-eabi/15.1.0/../../../../powerpc-eabi/lib\libc.a(libc_a-categories.o)
                0x02022058                category
 .text.__match  0x02022130       0x54 C:/devkitPro/devkitPPC/bin/../lib/gcc/powerpc-eabi/15.1.0/../../../../powerpc-eabi/lib\libc.a(libc_a-gdtoa-hexnan.o)
                0x02022130                __match
 .text.__hexnan
                0x02022184      0x528 C:/devkitPro/devkitPPC/bin/../lib/gcc/powerpc-eabi/15.1.0/../../../../powerpc-eabi/lib\libc.a(libc_a-gdtoa-hexnan.o)
                0x02022184                __hexnan
 .text.nan      0x020226ac        0xc C:/devkitPro/devkitPPC/bin/../lib/gcc/powerpc-eabi/15.1.0/../../../../powerpc-eabi/lib\libc.a(libm_a-s_nan.o)
                0x020226ac                nan
 .text.__fixdfdi
                0x020226b8       0x40 C:/devkitPro/devkitPPC/bin/../lib/gcc/powerpc-eabi/15.1.0\libgcc.a(_fixdfdi.o)
                0x020226b8                __fixdfdi
 .text.__fixunsdfdi
                0x020226f8       0xfc C:/devkitPro/devkitPPC/bin/../lib/gcc/powerpc-eabi/15.1.0\libgcc.a(_fixunsdfdi.o)
                0x020226f8                __fixunsdfdi
 .text.__floatdidf
                0x020227f4       0x50 C:/devkitPro/devkitPPC/bin/../lib/gcc/powerpc-eabi/15.1.0\libgcc.a(_floatdidf.o)
                0x020227f4                __floatdidf
 .text.__umoddi3
                0x02022844      0x384 C:/devkitPro/devkitPPC/bin/../lib/gcc/powerpc-eabi/15.1.0\libgcc.a(_umoddi3.o)
                0x02022844                __umoddi3
 .text          0x02022bc8       0x58 C:/devkitPro/devkitPPC/bin/../lib/gcc/powerpc-eabi/15.1.0\libgcc.a(crtresxfpr.o)
                0x02022bc8                _restfpr_14_x
                0x02022bcc                _restfpr_15_x
                0x02022bd0                _restfpr_16_x
                0x02022bd4                _restfpr_17_x
                0x02022bd8                _restfpr_18_x